Archive member included to satisfy reference by file (symbol)

/opt/gcc-arm-none-eabi-7-2017-q4-major/bin/../lib/gcc/arm-none-eabi/7.2.1/../../../../arm-none-eabi/lib/thumb/v7e-m/fpv4-sp/hard/libc.a(lib_a-exit.o)
                              /opt/gcc-arm-none-eabi-7-2017-q4-major/bin/../lib/gcc/arm-none-eabi/7.2.1/../../../../arm-none-eabi/lib/thumb/v7e-m/fpv4-sp/hard/rdimon-crt0.o (exit)
/opt/gcc-arm-none-eabi-7-2017-q4-major/bin/../lib/gcc/arm-none-eabi/7.2.1/../../../../arm-none-eabi/lib/thumb/v7e-m/fpv4-sp/hard/libc.a(lib_a-impure.o)
                              /opt/gcc-arm-none-eabi-7-2017-q4-major/bin/../lib/gcc/arm-none-eabi/7.2.1/../../../../arm-none-eabi/lib/thumb/v7e-m/fpv4-sp/hard/libc.a(lib_a-exit.o) (_global_impure_ptr)
/opt/gcc-arm-none-eabi-7-2017-q4-major/bin/../lib/gcc/arm-none-eabi/7.2.1/../../../../arm-none-eabi/lib/thumb/v7e-m/fpv4-sp/hard/libc.a(lib_a-init.o)
                              /opt/gcc-arm-none-eabi-7-2017-q4-major/bin/../lib/gcc/arm-none-eabi/7.2.1/../../../../arm-none-eabi/lib/thumb/v7e-m/fpv4-sp/hard/rdimon-crt0.o (__libc_init_array)
/opt/gcc-arm-none-eabi-7-2017-q4-major/bin/../lib/gcc/arm-none-eabi/7.2.1/../../../../arm-none-eabi/lib/thumb/v7e-m/fpv4-sp/hard/libc.a(lib_a-memcpy.o)
                              build/queue.o (memcpy)
/opt/gcc-arm-none-eabi-7-2017-q4-major/bin/../lib/gcc/arm-none-eabi/7.2.1/../../../../arm-none-eabi/lib/thumb/v7e-m/fpv4-sp/hard/libc.a(lib_a-memset.o)
                              /opt/gcc-arm-none-eabi-7-2017-q4-major/bin/../lib/gcc/arm-none-eabi/7.2.1/../../../../arm-none-eabi/lib/thumb/v7e-m/fpv4-sp/hard/rdimon-crt0.o (memset)
/opt/gcc-arm-none-eabi-7-2017-q4-major/bin/../lib/gcc/arm-none-eabi/7.2.1/../../../../arm-none-eabi/lib/thumb/v7e-m/fpv4-sp/hard/libc.a(lib_a-__call_atexit.o)
                              /opt/gcc-arm-none-eabi-7-2017-q4-major/bin/../lib/gcc/arm-none-eabi/7.2.1/../../../../arm-none-eabi/lib/thumb/v7e-m/fpv4-sp/hard/libc.a(lib_a-exit.o) (__call_exitprocs)
/opt/gcc-arm-none-eabi-7-2017-q4-major/bin/../lib/gcc/arm-none-eabi/7.2.1/../../../../arm-none-eabi/lib/thumb/v7e-m/fpv4-sp/hard/libc.a(lib_a-atexit.o)
                              /opt/gcc-arm-none-eabi-7-2017-q4-major/bin/../lib/gcc/arm-none-eabi/7.2.1/../../../../arm-none-eabi/lib/thumb/v7e-m/fpv4-sp/hard/libc.a(lib_a-__call_atexit.o) (atexit)
/opt/gcc-arm-none-eabi-7-2017-q4-major/bin/../lib/gcc/arm-none-eabi/7.2.1/../../../../arm-none-eabi/lib/thumb/v7e-m/fpv4-sp/hard/libc.a(lib_a-fini.o)
                              /opt/gcc-arm-none-eabi-7-2017-q4-major/bin/../lib/gcc/arm-none-eabi/7.2.1/../../../../arm-none-eabi/lib/thumb/v7e-m/fpv4-sp/hard/libc.a(lib_a-__call_atexit.o) (__libc_fini_array)
/opt/gcc-arm-none-eabi-7-2017-q4-major/bin/../lib/gcc/arm-none-eabi/7.2.1/../../../../arm-none-eabi/lib/thumb/v7e-m/fpv4-sp/hard/libc.a(lib_a-lock.o)
                              /opt/gcc-arm-none-eabi-7-2017-q4-major/bin/../lib/gcc/arm-none-eabi/7.2.1/../../../../arm-none-eabi/lib/thumb/v7e-m/fpv4-sp/hard/libc.a(lib_a-__call_atexit.o) (__retarget_lock_acquire_recursive)
/opt/gcc-arm-none-eabi-7-2017-q4-major/bin/../lib/gcc/arm-none-eabi/7.2.1/../../../../arm-none-eabi/lib/thumb/v7e-m/fpv4-sp/hard/libc.a(lib_a-__atexit.o)
                              /opt/gcc-arm-none-eabi-7-2017-q4-major/bin/../lib/gcc/arm-none-eabi/7.2.1/../../../../arm-none-eabi/lib/thumb/v7e-m/fpv4-sp/hard/libc.a(lib_a-atexit.o) (__register_exitproc)
/opt/gcc-arm-none-eabi-7-2017-q4-major/bin/../lib/gcc/arm-none-eabi/7.2.1/thumb/v7e-m/fpv4-sp/hard/libgcc.a(_aeabi_uldivmod.o)
                              build/stm32f4xx_hal_rcc.o (__aeabi_uldivmod)
/opt/gcc-arm-none-eabi-7-2017-q4-major/bin/../lib/gcc/arm-none-eabi/7.2.1/thumb/v7e-m/fpv4-sp/hard/libgcc.a(_udivmoddi4.o)
                              /opt/gcc-arm-none-eabi-7-2017-q4-major/bin/../lib/gcc/arm-none-eabi/7.2.1/thumb/v7e-m/fpv4-sp/hard/libgcc.a(_aeabi_uldivmod.o) (__udivmoddi4)
/opt/gcc-arm-none-eabi-7-2017-q4-major/bin/../lib/gcc/arm-none-eabi/7.2.1/thumb/v7e-m/fpv4-sp/hard/libgcc.a(_dvmd_tls.o)
                              /opt/gcc-arm-none-eabi-7-2017-q4-major/bin/../lib/gcc/arm-none-eabi/7.2.1/thumb/v7e-m/fpv4-sp/hard/libgcc.a(_aeabi_uldivmod.o) (__aeabi_ldiv0)
/opt/gcc-arm-none-eabi-7-2017-q4-major/bin/../lib/gcc/arm-none-eabi/7.2.1/../../../../arm-none-eabi/lib/thumb/v7e-m/fpv4-sp/hard/librdimon.a(rdimon-syscalls.o)
                              /opt/gcc-arm-none-eabi-7-2017-q4-major/bin/../lib/gcc/arm-none-eabi/7.2.1/../../../../arm-none-eabi/lib/thumb/v7e-m/fpv4-sp/hard/rdimon-crt0.o (initialise_monitor_handles)
/opt/gcc-arm-none-eabi-7-2017-q4-major/bin/../lib/gcc/arm-none-eabi/7.2.1/../../../../arm-none-eabi/lib/thumb/v7e-m/fpv4-sp/hard/librdimon.a(rdimon-_exit.o)
                              /opt/gcc-arm-none-eabi-7-2017-q4-major/bin/../lib/gcc/arm-none-eabi/7.2.1/../../../../arm-none-eabi/lib/thumb/v7e-m/fpv4-sp/hard/libc.a(lib_a-exit.o) (_exit)
[...]
Memory Configuration

Name             Origin             Length             Attributes
RAM              0x0000000020000000 0x0000000000020000 xrw
CCMRAM           0x0000000010000000 0x0000000000010000 xrw
FLASH            0x0000000008000000 0x0000000000100000 xr
*default*        0x0000000000000000 0xffffffffffffffff

Linker script and memory map

LOAD /opt/gcc-arm-none-eabi-7-2017-q4-major/bin/../lib/gcc/arm-none-eabi/7.2.1/thumb/v7e-m/fpv4-sp/hard/crti.o
LOAD /opt/gcc-arm-none-eabi-7-2017-q4-major/bin/../lib/gcc/arm-none-eabi/7.2.1/thumb/v7e-m/fpv4-sp/hard/crtbegin.o
LOAD /opt/gcc-arm-none-eabi-7-2017-q4-major/bin/../lib/gcc/arm-none-eabi/7.2.1/../../../../arm-none-eabi/lib/thumb/v7e-m/fpv4-sp/hard/rdimon-crt0.o
LOAD build/main.o
LOAD build/gpio.o
LOAD build/freertos.o
LOAD build/can.o
LOAD build/spi.o
LOAD build/tim.o
LOAD build/stm32f4xx_it.o
LOAD build/stm32f4xx_hal_msp.o
LOAD build/stm32f4xx_hal_timebase_tim.o
LOAD build/stm32f4xx_hal_can.o
LOAD build/stm32f4xx_hal_rcc.o
LOAD build/stm32f4xx_hal_rcc_ex.o
LOAD build/stm32f4xx_hal_flash.o
LOAD build/stm32f4xx_hal_flash_ex.o
LOAD build/stm32f4xx_hal_flash_ramfunc.o
LOAD build/stm32f4xx_hal_gpio.o
LOAD build/stm32f4xx_hal_dma_ex.o
LOAD build/stm32f4xx_hal_dma.o
LOAD build/stm32f4xx_hal_pwr.o
LOAD build/stm32f4xx_hal_pwr_ex.o
LOAD build/stm32f4xx_hal_cortex.o
LOAD build/stm32f4xx_hal.o
LOAD build/stm32f4xx_hal_exti.o
LOAD build/stm32f4xx_hal_spi.o
LOAD build/stm32f4xx_hal_tim.o
LOAD build/stm32f4xx_hal_tim_ex.o
LOAD build/system_stm32f4xx.o
LOAD build/croutine.o
LOAD build/event_groups.o
LOAD build/list.o
LOAD build/queue.o
LOAD build/stream_buffer.o
LOAD build/tasks.o
LOAD build/timers.o
LOAD build/cmsis_os.o
LOAD build/heap_4.o
LOAD build/port.o
LOAD build/startup_stm32f405xx.o
LOAD /opt/gcc-arm-none-eabi-7-2017-q4-major/bin/../lib/gcc/arm-none-eabi/7.2.1/../../../../arm-none-eabi/lib/thumb/v7e-m/fpv4-sp/hard/libnosys.a
LOAD /opt/gcc-arm-none-eabi-7-2017-q4-major/bin/../lib/gcc/arm-none-eabi/7.2.1/../../../../arm-none-eabi/lib/thumb/v7e-m/fpv4-sp/hard/libstdc++.a
LOAD /opt/gcc-arm-none-eabi-7-2017-q4-major/bin/../lib/gcc/arm-none-eabi/7.2.1/../../../../arm-none-eabi/lib/thumb/v7e-m/fpv4-sp/hard/libstdc++.a
LOAD /opt/gcc-arm-none-eabi-7-2017-q4-major/bin/../lib/gcc/arm-none-eabi/7.2.1/../../../../arm-none-eabi/lib/thumb/v7e-m/fpv4-sp/hard/libm.a
LOAD /opt/gcc-arm-none-eabi-7-2017-q4-major/bin/../lib/gcc/arm-none-eabi/7.2.1/../../../../arm-none-eabi/lib/thumb/v7e-m/fpv4-sp/hard/libc.a
START GROUP
LOAD /opt/gcc-arm-none-eabi-7-2017-q4-major/bin/../lib/gcc/arm-none-eabi/7.2.1/thumb/v7e-m/fpv4-sp/hard/libgcc.a
LOAD /opt/gcc-arm-none-eabi-7-2017-q4-major/bin/../lib/gcc/arm-none-eabi/7.2.1/../../../../arm-none-eabi/lib/thumb/v7e-m/fpv4-sp/hard/libc.a
END GROUP
START GROUP
LOAD /opt/gcc-arm-none-eabi-7-2017-q4-major/bin/../lib/gcc/arm-none-eabi/7.2.1/thumb/v7e-m/fpv4-sp/hard/libgcc.a
LOAD /opt/gcc-arm-none-eabi-7-2017-q4-major/bin/../lib/gcc/arm-none-eabi/7.2.1/../../../../arm-none-eabi/lib/thumb/v7e-m/fpv4-sp/hard/libc.a
LOAD /opt/gcc-arm-none-eabi-7-2017-q4-major/bin/../lib/gcc/arm-none-eabi/7.2.1/../../../../arm-none-eabi/lib/thumb/v7e-m/fpv4-sp/hard/librdimon.a
END GROUP
LOAD /opt/gcc-arm-none-eabi-7-2017-q4-major/bin/../lib/gcc/arm-none-eabi/7.2.1/thumb/v7e-m/fpv4-sp/hard/crtend.o
LOAD /opt/gcc-arm-none-eabi-7-2017-q4-major/bin/../lib/gcc/arm-none-eabi/7.2.1/thumb/v7e-m/fpv4-sp/hard/crtn.o
                0x0000000020020000                _estack = (ORIGIN (RAM) + LENGTH (RAM))
                0x0000000000000200                _Min_Heap_Size = 0x200
                0x0000000000000400                _Min_Stack_Size = 0x400

.isr_vector     0x0000000008000000      0x188
                0x0000000008000000                . = ALIGN (0x4)
 *(.isr_vector)
 .isr_vector    0x0000000008000000      0x188 build/startup_stm32f405xx.o
                0x0000000008000000                g_pfnVectors
                0x0000000008000188                . = ALIGN (0x4)

.text           0x0000000008000190     0x2b2c
                0x0000000008000190                . = ALIGN (0x4)
 *(.text)
 .text          0x0000000008000190       0x40 /opt/gcc-arm-none-eabi-7-2017-q4-major/bin/../lib/gcc/arm-none-eabi/7.2.1/thumb/v7e-m/fpv4-sp/hard/crtbegin.o
 .text          0x00000000080001d0       0x30 /opt/gcc-arm-none-eabi-7-2017-q4-major/bin/../lib/gcc/arm-none-eabi/7.2.1/thumb/v7e-m/fpv4-sp/hard/libgcc.a(_aeabi_uldivmod.o)
                0x00000000080001d0                __aeabi_uldivmod
 .text          0x0000000008000200      0x2cc /opt/gcc-arm-none-eabi-7-2017-q4-major/bin/../lib/gcc/arm-none-eabi/7.2.1/thumb/v7e-m/fpv4-sp/hard/libgcc.a(_udivmoddi4.o)
                0x0000000008000200                __udivmoddi4
 .text          0x00000000080004cc        0x4 /opt/gcc-arm-none-eabi-7-2017-q4-major/bin/../lib/gcc/arm-none-eabi/7.2.1/thumb/v7e-m/fpv4-sp/hard/libgcc.a(_dvmd_tls.o)
                0x00000000080004cc                __aeabi_ldiv0
                0x00000000080004cc                __aeabi_idiv0
 *(.text*)
 .text.HAL_TIM_PeriodElapsedCallback
                0x00000000080004d0       0x18 build/main.o
                0x00000000080004d0                HAL_TIM_PeriodElapsedCallback
 .text.Error_Handler
                0x00000000080004e8        0x4 build/main.o
                0x00000000080004e8                Error_Handler
 .text.SystemClock_Config
                0x00000000080004ec       0xa0 build/main.o
                0x00000000080004ec                SystemClock_Config
 .text.main     0x000000000800058c       0x24 build/main.o
                0x000000000800058c                main
 .text.MX_GPIO_Init
                0x00000000080005b0       0x38 build/gpio.o
                0x00000000080005b0                MX_GPIO_Init
 .text.StartDefaultTask
                0x00000000080005e8        0xa build/freertos.o
                0x00000000080005e8                StartDefaultTask
 *fill*         0x00000000080005f2        0x2 
 .text.vApplicationGetIdleTaskMemory
                0x00000000080005f4       0x18 build/freertos.o
                0x00000000080005f4                vApplicationGetIdleTaskMemory
 .text.MX_FREERTOS_Init
                0x000000000800060c       0x2c build/freertos.o
                0x000000000800060c                MX_FREERTOS_Init
 .text.MX_CAN1_Init
                0x0000000008000638       0x38 build/can.o
                0x0000000008000638                MX_CAN1_Init
 .text.HAL_CAN_MspInit
                0x0000000008000670       0x90 build/can.o
                0x0000000008000670                HAL_CAN_MspInit
 .text.MX_SPI3_Init
                0x0000000008000700       0x40 build/spi.o
                0x0000000008000700                MX_SPI3_Init
 .text.HAL_SPI_MspInit
                0x0000000008000740       0x70 build/spi.o
                0x0000000008000740                HAL_SPI_MspInit
 .text.MX_TIM1_Init
                0x00000000080007b0       0x74 build/tim.o
                0x00000000080007b0                MX_TIM1_Init
 .text.HAL_TIM_Base_MspInit
                0x0000000008000824       0x30 build/tim.o
                0x0000000008000824                HAL_TIM_Base_MspInit
 .text.NMI_Handler
                0x0000000008000854        0x2 build/stm32f4xx_it.o
                0x0000000008000854                NMI_Handler
 .text.HardFault_Handler
                0x0000000008000856        0x2 build/stm32f4xx_it.o
                0x0000000008000856                HardFault_Handler
 .text.MemManage_Handler
                0x0000000008000858        0x2 build/stm32f4xx_it.o
                0x0000000008000858                MemManage_Handler
 .text.BusFault_Handler
                0x000000000800085a        0x2 build/stm32f4xx_it.o
                0x000000000800085a                BusFault_Handler
 .text.UsageFault_Handler
                0x000000000800085c        0x2 build/stm32f4xx_it.o
                0x000000000800085c                UsageFault_Handler
 .text.DebugMon_Handler
                0x000000000800085e        0x2 build/stm32f4xx_it.o
                0x000000000800085e                DebugMon_Handler
 .text.CAN1_TX_IRQHandler
                0x0000000008000860       0x10 build/stm32f4xx_it.o
                0x0000000008000860                CAN1_TX_IRQHandler
 .text.CAN1_RX0_IRQHandler
                0x0000000008000870       0x10 build/stm32f4xx_it.o
                0x0000000008000870                CAN1_RX0_IRQHandler
 .text.TIM6_DAC_IRQHandler
                0x0000000008000880       0x10 build/stm32f4xx_it.o
                0x0000000008000880                TIM6_DAC_IRQHandler
 .text.HAL_MspInit
                0x0000000008000890       0x44 build/stm32f4xx_hal_msp.o
                0x0000000008000890                HAL_MspInit
 .text.HAL_InitTick
                0x00000000080008d4       0xa4 build/stm32f4xx_hal_timebase_tim.o
                0x00000000080008d4                HAL_InitTick
 .text.HAL_CAN_Init
                0x0000000008000978      0x14c build/stm32f4xx_hal_can.o
                0x0000000008000978                HAL_CAN_Init
 .text.HAL_CAN_TxMailbox0CompleteCallback
                0x0000000008000ac4        0x2 build/stm32f4xx_hal_can.o
                0x0000000008000ac4                HAL_CAN_TxMailbox0CompleteCallback
 .text.HAL_CAN_TxMailbox1CompleteCallback
                0x0000000008000ac6        0x2 build/stm32f4xx_hal_can.o
                0x0000000008000ac6                HAL_CAN_TxMailbox1CompleteCallback
 .text.HAL_CAN_TxMailbox2CompleteCallback
                0x0000000008000ac8        0x2 build/stm32f4xx_hal_can.o
                0x0000000008000ac8                HAL_CAN_TxMailbox2CompleteCallback
 .text.HAL_CAN_TxMailbox0AbortCallback
                0x0000000008000aca        0x2 build/stm32f4xx_hal_can.o
                0x0000000008000aca                HAL_CAN_TxMailbox0AbortCallback
 .text.HAL_CAN_TxMailbox1AbortCallback
                0x0000000008000acc        0x2 build/stm32f4xx_hal_can.o
                0x0000000008000acc                HAL_CAN_TxMailbox1AbortCallback
 .text.HAL_CAN_TxMailbox2AbortCallback
                0x0000000008000ace        0x2 build/stm32f4xx_hal_can.o
                0x0000000008000ace                HAL_CAN_TxMailbox2AbortCallback
 .text.HAL_CAN_RxFifo0MsgPendingCallback
                0x0000000008000ad0        0x2 build/stm32f4xx_hal_can.o
                0x0000000008000ad0                HAL_CAN_RxFifo0MsgPendingCallback
 .text.HAL_CAN_RxFifo0FullCallback
                0x0000000008000ad2        0x2 build/stm32f4xx_hal_can.o
                0x0000000008000ad2                HAL_CAN_RxFifo0FullCallback
 .text.HAL_CAN_RxFifo1MsgPendingCallback
                0x0000000008000ad4        0x2 build/stm32f4xx_hal_can.o
                0x0000000008000ad4                HAL_CAN_RxFifo1MsgPendingCallback
 .text.HAL_CAN_RxFifo1FullCallback
                0x0000000008000ad6        0x2 build/stm32f4xx_hal_can.o
                0x0000000008000ad6                HAL_CAN_RxFifo1FullCallback
 .text.HAL_CAN_SleepCallback
                0x0000000008000ad8        0x2 build/stm32f4xx_hal_can.o
                0x0000000008000ad8                HAL_CAN_SleepCallback
 .text.HAL_CAN_WakeUpFromRxMsgCallback
                0x0000000008000ada        0x2 build/stm32f4xx_hal_can.o
                0x0000000008000ada                HAL_CAN_WakeUpFromRxMsgCallback
 .text.HAL_CAN_ErrorCallback
                0x0000000008000adc        0x2 build/stm32f4xx_hal_can.o
                0x0000000008000adc                HAL_CAN_ErrorCallback
 .text.HAL_CAN_IRQHandler
                0x0000000008000ade      0x258 build/stm32f4xx_hal_can.o
                0x0000000008000ade                HAL_CAN_IRQHandler
 *fill*         0x0000000008000d36        0x2 
 .text.HAL_RCC_OscConfig
                0x0000000008000d38      0x3f8 build/stm32f4xx_hal_rcc.o
                0x0000000008000d38                HAL_RCC_OscConfig
 .text.HAL_RCC_GetSysClockFreq
                0x0000000008001130       0xa8 build/stm32f4xx_hal_rcc.o
                0x0000000008001130                HAL_RCC_GetSysClockFreq
 .text.HAL_RCC_ClockConfig
                0x00000000080011d8      0x160 build/stm32f4xx_hal_rcc.o
                0x00000000080011d8                HAL_RCC_ClockConfig
 .text.HAL_RCC_GetHCLKFreq
                0x0000000008001338        0xc build/stm32f4xx_hal_rcc.o
                0x0000000008001338                HAL_RCC_GetHCLKFreq
 .text.HAL_RCC_GetPCLK1Freq
                0x0000000008001344       0x20 build/stm32f4xx_hal_rcc.o
                0x0000000008001344                HAL_RCC_GetPCLK1Freq
 .text.HAL_RCC_GetClockConfig
                0x0000000008001364       0x3c build/stm32f4xx_hal_rcc.o
                0x0000000008001364                HAL_RCC_GetClockConfig
 .text.HAL_GPIO_Init
                0x00000000080013a0      0x1d4 build/stm32f4xx_hal_gpio.o
                0x00000000080013a0                HAL_GPIO_Init
 .text.HAL_NVIC_SetPriorityGrouping
                0x0000000008001574       0x24 build/stm32f4xx_hal_cortex.o
                0x0000000008001574                HAL_NVIC_SetPriorityGrouping
 .text.HAL_NVIC_SetPriority
                0x0000000008001598       0x68 build/stm32f4xx_hal_cortex.o
                0x0000000008001598                HAL_NVIC_SetPriority
 .text.HAL_NVIC_EnableIRQ
                0x0000000008001600       0x1c build/stm32f4xx_hal_cortex.o
                0x0000000008001600                HAL_NVIC_EnableIRQ
 .text.HAL_Init
                0x000000000800161c       0x34 build/stm32f4xx_hal.o
                0x000000000800161c                HAL_Init
 .text.HAL_IncTick
                0x0000000008001650       0x18 build/stm32f4xx_hal.o
                0x0000000008001650                HAL_IncTick
 .text.HAL_GetTick
                0x0000000008001668        0xc build/stm32f4xx_hal.o
                0x0000000008001668                HAL_GetTick
 .text.HAL_SPI_Init
                0x0000000008001674       0xbe build/stm32f4xx_hal_spi.o
                0x0000000008001674                HAL_SPI_Init
 .text.TIM_TI1_ConfigInputStage
                0x0000000008001732       0x26 build/stm32f4xx_hal_tim.o
 .text.TIM_TI2_ConfigInputStage
                0x0000000008001758       0x28 build/stm32f4xx_hal_tim.o
 .text.TIM_ITRx_SetConfig
                0x0000000008001780       0x10 build/stm32f4xx_hal_tim.o
 .text.HAL_TIM_Base_Start_IT
                0x0000000008001790       0x88 build/stm32f4xx_hal_tim.o
                0x0000000008001790                HAL_TIM_Base_Start_IT
 .text.HAL_TIM_OC_DelayElapsedCallback
                0x0000000008001818        0x2 build/stm32f4xx_hal_tim.o
                0x0000000008001818                HAL_TIM_OC_DelayElapsedCallback
 .text.HAL_TIM_IC_CaptureCallback
                0x000000000800181a        0x2 build/stm32f4xx_hal_tim.o
                0x000000000800181a                HAL_TIM_IC_CaptureCallback
 .text.HAL_TIM_PWM_PulseFinishedCallback
                0x000000000800181c        0x2 build/stm32f4xx_hal_tim.o
                0x000000000800181c                HAL_TIM_PWM_PulseFinishedCallback
 .text.HAL_TIM_TriggerCallback
                0x000000000800181e        0x2 build/stm32f4xx_hal_tim.o
                0x000000000800181e                HAL_TIM_TriggerCallback
 .text.HAL_TIM_IRQHandler
                0x0000000008001820      0x17a build/stm32f4xx_hal_tim.o
                0x0000000008001820                HAL_TIM_IRQHandler
 *fill*         0x000000000800199a        0x2 
 .text.TIM_Base_SetConfig
                0x000000000800199c       0xc8 build/stm32f4xx_hal_tim.o
                0x000000000800199c                TIM_Base_SetConfig
 .text.HAL_TIM_Base_Init
                0x0000000008001a64       0x56 build/stm32f4xx_hal_tim.o
                0x0000000008001a64                HAL_TIM_Base_Init
 .text.TIM_ETR_SetConfig
                0x0000000008001aba       0x18 build/stm32f4xx_hal_tim.o
                0x0000000008001aba                TIM_ETR_SetConfig
 .text.HAL_TIM_ConfigClockSource
                0x0000000008001ad2       0xf4 build/stm32f4xx_hal_tim.o
                0x0000000008001ad2                HAL_TIM_ConfigClockSource
 *fill*         0x0000000008001bc6        0x2 
 .text.HAL_TIMEx_MasterConfigSynchronization
                0x0000000008001bc8       0x88 build/stm32f4xx_hal_tim_ex.o
                0x0000000008001bc8                HAL_TIMEx_MasterConfigSynchronization
 .text.HAL_TIMEx_CommutCallback
                0x0000000008001c50        0x2 build/stm32f4xx_hal_tim_ex.o
                0x0000000008001c50                HAL_TIMEx_CommutCallback
 .text.HAL_TIMEx_BreakCallback
                0x0000000008001c52        0x2 build/stm32f4xx_hal_tim_ex.o
                0x0000000008001c52                HAL_TIMEx_BreakCallback
 .text.SystemInit
                0x0000000008001c54       0x14 build/system_stm32f4xx.o
                0x0000000008001c54                SystemInit
 .text.vListInitialise
                0x0000000008001c68       0x16 build/list.o
                0x0000000008001c68                vListInitialise
 .text.vListInitialiseItem
                0x0000000008001c7e        0x6 build/list.o
                0x0000000008001c7e                vListInitialiseItem
 .text.vListInsertEnd
                0x0000000008001c84       0x18 build/list.o
                0x0000000008001c84                vListInsertEnd
 .text.vListInsert
                0x0000000008001c9c       0x34 build/list.o
                0x0000000008001c9c                vListInsert
 .text.uxListRemove
                0x0000000008001cd0       0x28 build/list.o
                0x0000000008001cd0                uxListRemove
 .text.prvResetNextTaskUnblockTime
                0x0000000008001cf8       0x2c build/tasks.o
 .text.prvInitialiseNewTask
                0x0000000008001d24       0x8c build/tasks.o
 .text.prvInitialiseTaskLists
                0x0000000008001db0       0x68 build/tasks.o
 .text.prvAddNewTaskToReadyList
                0x0000000008001e18       0xa8 build/tasks.o
 .text.prvDeleteTCB
                0x0000000008001ec0       0x38 build/tasks.o
 .text.prvCheckTasksWaitingTermination
                0x0000000008001ef8       0x4c build/tasks.o
 .text.prvIdleTask
                0x0000000008001f44       0x28 build/tasks.o
 .text.prvAddCurrentTaskToDelayedList
                0x0000000008001f6c       0x98 build/tasks.o
 .text.xTaskCreateStatic
                0x0000000008002004       0x74 build/tasks.o
                0x0000000008002004                xTaskCreateStatic
 .text.xTaskCreate
                0x0000000008002078       0x66 build/tasks.o
                0x0000000008002078                xTaskCreate
 *fill*         0x00000000080020de        0x2 
 .text.vTaskStartScheduler
                0x00000000080020e0       0x6c build/tasks.o
                0x00000000080020e0                vTaskStartScheduler
 .text.vTaskSuspendAll
                0x000000000800214c       0x10 build/tasks.o
                0x000000000800214c                vTaskSuspendAll
 .text.xTaskIncrementTick
                0x000000000800215c      0x118 build/tasks.o
                0x000000000800215c                xTaskIncrementTick
 .text.xTaskResumeAll
                0x0000000008002274       0xf4 build/tasks.o
                0x0000000008002274                xTaskResumeAll
 .text.vTaskDelay
                0x0000000008002368       0x4c build/tasks.o
                0x0000000008002368                vTaskDelay
 .text.vTaskSwitchContext
                0x00000000080023b4       0x98 build/tasks.o
                0x00000000080023b4                vTaskSwitchContext
 .text.makeFreeRtosPriority
                0x000000000800244c        0xc build/cmsis_os.o
 .text.osKernelStart
                0x0000000008002458        0xa build/cmsis_os.o
                0x0000000008002458                osKernelStart
 .text.osThreadCreate
                0x0000000008002462       0x6c build/cmsis_os.o
                0x0000000008002462                osThreadCreate
 .text.osDelay  0x00000000080024ce       0x12 build/cmsis_os.o
                0x00000000080024ce                osDelay
 .text.prvHeapInit
                0x00000000080024e0       0x64 build/heap_4.o
 .text.prvInsertBlockIntoFreeList
                0x0000000008002544       0x58 build/heap_4.o
 .text.pvPortMalloc
                0x000000000800259c      0x114 build/heap_4.o
                0x000000000800259c                pvPortMalloc
 .text.vPortFree
                0x00000000080026b0       0x7c build/heap_4.o
                0x00000000080026b0                vPortFree
 .text.prvTaskExitError
                0x000000000800272c       0x40 build/port.o
 .text.prvPortStartFirstTask
                0x000000000800276c       0x28 build/port.o
 .text.vPortEnableVFP
                0x0000000008002794       0x14 build/port.o
 .text.pxPortInitialiseStack
                0x00000000080027a8       0x2c build/port.o
                0x00000000080027a8                pxPortInitialiseStack
 *fill*         0x00000000080027d4        0xc 
 .text.SVC_Handler
                0x00000000080027e0       0x24 build/port.o
                0x00000000080027e0                SVC_Handler
 .text.vPortEnterCritical
                0x0000000008002804       0x44 build/port.o
                0x0000000008002804                vPortEnterCritical
 .text.vPortExitCritical
                0x0000000008002848       0x2c build/port.o
                0x0000000008002848                vPortExitCritical
 *fill*         0x0000000008002874        0xc 
 .text.PendSV_Handler
                0x0000000008002880       0x64 build/port.o
                0x0000000008002880                PendSV_Handler
 .text.SysTick_Handler
                0x00000000080028e4       0x2c build/port.o
                0x00000000080028e4                SysTick_Handler
 .text.vPortSetupTimerInterrupt
                0x0000000008002910       0x38 build/port.o
                0x0000000008002910                vPortSetupTimerInterrupt
 .text.xPortStartScheduler
                0x0000000008002948      0x110 build/port.o
                0x0000000008002948                xPortStartScheduler
 .text.Reset_Handler
                0x0000000008002a58       0x50 build/startup_stm32f405xx.o
                0x0000000008002a58                Reset_Handler
 .text.Default_Handler
                0x0000000008002aa8        0x2 build/startup_stm32f405xx.o
                0x0000000008002aa8                RTC_Alarm_IRQHandler
                0x0000000008002aa8                HASH_RNG_IRQHandler
                0x0000000008002aa8                EXTI2_IRQHandler
                0x0000000008002aa8                TIM8_CC_IRQHandler
                0x0000000008002aa8                TIM1_CC_IRQHandler
                0x0000000008002aa8                DMA2_Stream5_IRQHandler
                0x0000000008002aa8                DMA1_Stream5_IRQHandler
                0x0000000008002aa8                PVD_IRQHandler
                0x0000000008002aa8                SDIO_IRQHandler
                0x0000000008002aa8                TAMP_STAMP_IRQHandler
                0x0000000008002aa8                CAN2_RX1_IRQHandler
                0x0000000008002aa8                EXTI3_IRQHandler
                0x0000000008002aa8                TIM8_TRG_COM_TIM14_IRQHandler
                0x0000000008002aa8                TIM1_UP_TIM10_IRQHandler
                0x0000000008002aa8                TIM8_UP_TIM13_IRQHandler
                0x0000000008002aa8                I2C3_ER_IRQHandler
                0x0000000008002aa8                EXTI0_IRQHandler
                0x0000000008002aa8                I2C2_EV_IRQHandler
                0x0000000008002aa8                DMA1_Stream2_IRQHandler
                0x0000000008002aa8                FPU_IRQHandler
                0x0000000008002aa8                OTG_HS_WKUP_IRQHandler
                0x0000000008002aa8                CAN2_SCE_IRQHandler
                0x0000000008002aa8                DMA2_Stream2_IRQHandler
                0x0000000008002aa8                SPI1_IRQHandler
                0x0000000008002aa8                TIM1_BRK_TIM9_IRQHandler
                0x0000000008002aa8                CAN2_RX0_IRQHandler
                0x0000000008002aa8                DMA2_Stream3_IRQHandler
                0x0000000008002aa8                USART6_IRQHandler
                0x0000000008002aa8                USART3_IRQHandler
                0x0000000008002aa8                CAN1_RX1_IRQHandler
                0x0000000008002aa8                UART5_IRQHandler
                0x0000000008002aa8                DMA2_Stream0_IRQHandler
                0x0000000008002aa8                TIM4_IRQHandler
                0x0000000008002aa8                I2C1_EV_IRQHandler
                0x0000000008002aa8                DMA1_Stream6_IRQHandler
                0x0000000008002aa8                DMA1_Stream1_IRQHandler
                0x0000000008002aa8                UART4_IRQHandler
                0x0000000008002aa8                TIM3_IRQHandler
                0x0000000008002aa8                RCC_IRQHandler
                0x0000000008002aa8                TIM8_BRK_TIM12_IRQHandler
                0x0000000008002aa8                Default_Handler
                0x0000000008002aa8                EXTI15_10_IRQHandler
                0x0000000008002aa8                ADC_IRQHandler
                0x0000000008002aa8                DMA1_Stream7_IRQHandler
                0x0000000008002aa8                TIM7_IRQHandler
                0x0000000008002aa8                CAN2_TX_IRQHandler
                0x0000000008002aa8                TIM5_IRQHandler
                0x0000000008002aa8                DMA2_Stream7_IRQHandler
                0x0000000008002aa8                I2C3_EV_IRQHandler
                0x0000000008002aa8                EXTI9_5_IRQHandler
                0x0000000008002aa8                RTC_WKUP_IRQHandler
                0x0000000008002aa8                SPI2_IRQHandler
                0x0000000008002aa8                OTG_HS_EP1_IN_IRQHandler
                0x0000000008002aa8                DMA1_Stream0_IRQHandler
                0x0000000008002aa8                EXTI4_IRQHandler
                0x0000000008002aa8                FSMC_IRQHandler
                0x0000000008002aa8                OTG_HS_EP1_OUT_IRQHandler
                0x0000000008002aa8                WWDG_IRQHandler
                0x0000000008002aa8                TIM2_IRQHandler
                0x0000000008002aa8                OTG_FS_WKUP_IRQHandler
                0x0000000008002aa8                TIM1_TRG_COM_TIM11_IRQHandler
                0x0000000008002aa8                OTG_HS_IRQHandler
                0x0000000008002aa8                EXTI1_IRQHandler
                0x0000000008002aa8                USART2_IRQHandler
                0x0000000008002aa8                I2C2_ER_IRQHandler
                0x0000000008002aa8                DMA2_Stream1_IRQHandler
                0x0000000008002aa8                CAN1_SCE_IRQHandler
                0x0000000008002aa8                FLASH_IRQHandler
                0x0000000008002aa8                DMA2_Stream4_IRQHandler
                0x0000000008002aa8                USART1_IRQHandler
                0x0000000008002aa8                OTG_FS_IRQHandler
                0x0000000008002aa8                SPI3_IRQHandler
                0x0000000008002aa8                DMA1_Stream4_IRQHandler
                0x0000000008002aa8                I2C1_ER_IRQHandler
                0x0000000008002aa8                DMA2_Stream6_IRQHandler
                0x0000000008002aa8                DMA1_Stream3_IRQHandler
 *fill*         0x0000000008002aaa        0x2 
 .text.__libc_init_array
                0x0000000008002aac       0x48 /opt/gcc-arm-none-eabi-7-2017-q4-major/bin/../lib/gcc/arm-none-eabi/7.2.1/../../../../arm-none-eabi/lib/thumb/v7e-m/fpv4-sp/hard/libc.a(lib_a-init.o)
                0x0000000008002aac                __libc_init_array
 .text.memset   0x0000000008002af4       0x94 /opt/gcc-arm-none-eabi-7-2017-q4-major/bin/../lib/gcc/arm-none-eabi/7.2.1/../../../../arm-none-eabi/lib/thumb/v7e-m/fpv4-sp/hard/libc.a(lib_a-memset.o)
                0x0000000008002af4                memset
 .text.startup.register_fini
                0x0000000008002b88       0x14 /opt/gcc-arm-none-eabi-7-2017-q4-major/bin/../lib/gcc/arm-none-eabi/7.2.1/../../../../arm-none-eabi/lib/thumb/v7e-m/fpv4-sp/hard/libc.a(lib_a-__call_atexit.o)
 .text.atexit   0x0000000008002b9c        0xc /opt/gcc-arm-none-eabi-7-2017-q4-major/bin/../lib/gcc/arm-none-eabi/7.2.1/../../../../arm-none-eabi/lib/thumb/v7e-m/fpv4-sp/hard/libc.a(lib_a-atexit.o)
                0x0000000008002b9c                atexit
 .text.__libc_fini_array
                0x0000000008002ba8       0x34 /opt/gcc-arm-none-eabi-7-2017-q4-major/bin/../lib/gcc/arm-none-eabi/7.2.1/../../../../arm-none-eabi/lib/thumb/v7e-m/fpv4-sp/hard/libc.a(lib_a-fini.o)
                0x0000000008002ba8                __libc_fini_array
 .text.__retarget_lock_acquire_recursive
                0x0000000008002bdc        0x4 /opt/gcc-arm-none-eabi-7-2017-q4-major/bin/../lib/gcc/arm-none-eabi/7.2.1/../../../../arm-none-eabi/lib/thumb/v7e-m/fpv4-sp/hard/libc.a(lib_a-lock.o)
                0x0000000008002bdc                __retarget_lock_acquire_recursive
 .text.__retarget_lock_release_recursive
                0x0000000008002be0        0x4 /opt/gcc-arm-none-eabi-7-2017-q4-major/bin/../lib/gcc/arm-none-eabi/7.2.1/../../../../arm-none-eabi/lib/thumb/v7e-m/fpv4-sp/hard/libc.a(lib_a-lock.o)
                0x0000000008002be0                __retarget_lock_release_recursive
 .text.__register_exitproc
                0x0000000008002be4       0xc0 /opt/gcc-arm-none-eabi-7-2017-q4-major/bin/../lib/gcc/arm-none-eabi/7.2.1/../../../../arm-none-eabi/lib/thumb/v7e-m/fpv4-sp/hard/libc.a(lib_a-__atexit.o)
                0x0000000008002be4                __register_exitproc
 *(.glue_7)
 .glue_7        0x0000000008002ca4        0x0 linker stubs
 *(.glue_7t)
 .glue_7t       0x0000000008002ca4        0x0 linker stubs
 *(.eh_frame)
 .eh_frame      0x0000000008002ca4        0x0 /opt/gcc-arm-none-eabi-7-2017-q4-major/bin/../lib/gcc/arm-none-eabi/7.2.1/thumb/v7e-m/fpv4-sp/hard/crtbegin.o
 *(.init)
 .init          0x0000000008002ca4        0x4 /opt/gcc-arm-none-eabi-7-2017-q4-major/bin/../lib/gcc/arm-none-eabi/7.2.1/thumb/v7e-m/fpv4-sp/hard/crti.o
                0x0000000008002ca4                _init
 .init          0x0000000008002ca8        0x8 /opt/gcc-arm-none-eabi-7-2017-q4-major/bin/../lib/gcc/arm-none-eabi/7.2.1/thumb/v7e-m/fpv4-sp/hard/crtn.o
 *(.fini)
 .fini          0x0000000008002cb0        0x4 /opt/gcc-arm-none-eabi-7-2017-q4-major/bin/../lib/gcc/arm-none-eabi/7.2.1/thumb/v7e-m/fpv4-sp/hard/crti.o
                0x0000000008002cb0                _fini
 .fini          0x0000000008002cb4        0x8 /opt/gcc-arm-none-eabi-7-2017-q4-major/bin/../lib/gcc/arm-none-eabi/7.2.1/thumb/v7e-m/fpv4-sp/hard/crtn.o
                0x0000000008002cbc                . = ALIGN (0x4)
                0x0000000008002cbc                _etext = .

.vfp11_veneer   0x0000000008002cbc        0x0
 .vfp11_veneer  0x0000000008002cbc        0x0 linker stubs

.v4_bx          0x0000000008002cbc        0x0
 .v4_bx         0x0000000008002cbc        0x0 linker stubs

.iplt           0x0000000008002cbc        0x0
 .iplt          0x0000000008002cbc        0x0 /opt/gcc-arm-none-eabi-7-2017-q4-major/bin/../lib/gcc/arm-none-eabi/7.2.1/thumb/v7e-m/fpv4-sp/hard/crtbegin.o

.rodata         0x0000000008002cbc       0x4c
                0x0000000008002cbc                . = ALIGN (0x4)
 *(.rodata)
 .rodata        0x0000000008002cbc       0x1c build/freertos.o
 *(.rodata*)
 .rodata.str1.4
                0x0000000008002cd8        0xc build/freertos.o
 .rodata.AHBPrescTable
                0x0000000008002ce4       0x10 build/system_stm32f4xx.o
                0x0000000008002ce4                AHBPrescTable
 .rodata.APBPrescTable
                0x0000000008002cf4        0x8 build/system_stm32f4xx.o
                0x0000000008002cf4                APBPrescTable
 .rodata.vTaskStartScheduler.str1.4
                0x0000000008002cfc        0x8 build/tasks.o
                                          0x5 (size before relaxing)
 .rodata._global_impure_ptr
                0x0000000008002d04        0x4 /opt/gcc-arm-none-eabi-7-2017-q4-major/bin/../lib/gcc/arm-none-eabi/7.2.1/../../../../arm-none-eabi/lib/thumb/v7e-m/fpv4-sp/hard/libc.a(lib_a-impure.o)
                0x0000000008002d04                _global_impure_ptr
                0x0000000008002d08                . = ALIGN (0x4)

.ARM.extab
 *(.ARM.extab* .gnu.linkonce.armextab.*)

.ARM            0x0000000008002d08        0x8
                0x0000000008002d08                __exidx_start = .
 *(.ARM.exidx*)
 .ARM.exidx     0x0000000008002d08        0x8 /opt/gcc-arm-none-eabi-7-2017-q4-major/bin/../lib/gcc/arm-none-eabi/7.2.1/thumb/v7e-m/fpv4-sp/hard/libgcc.a(_udivmoddi4.o)
                0x0000000008002d10                __exidx_end = .

.rel.dyn        0x0000000008002d10        0x0
 .rel.iplt      0x0000000008002d10        0x0 /opt/gcc-arm-none-eabi-7-2017-q4-major/bin/../lib/gcc/arm-none-eabi/7.2.1/thumb/v7e-m/fpv4-sp/hard/crtbegin.o

.preinit_array  0x0000000008002d10        0x0
                0x0000000008002d10                PROVIDE (__preinit_array_start, .)
 *(.preinit_array*)
                0x0000000008002d10                PROVIDE (__preinit_array_end, .)

.init_array     0x0000000008002d10        0x8
                0x0000000008002d10                PROVIDE (__init_array_start, .)
 *(SORT_BY_NAME(.init_array.*))
 .init_array.00000
                0x0000000008002d10        0x4 /opt/gcc-arm-none-eabi-7-2017-q4-major/bin/../lib/gcc/arm-none-eabi/7.2.1/../../../../arm-none-eabi/lib/thumb/v7e-m/fpv4-sp/hard/libc.a(lib_a-__call_atexit.o)
 *(.init_array*)
 .init_array    0x0000000008002d14        0x4 /opt/gcc-arm-none-eabi-7-2017-q4-major/bin/../lib/gcc/arm-none-eabi/7.2.1/thumb/v7e-m/fpv4-sp/hard/crtbegin.o
                0x0000000008002d18                PROVIDE (__init_array_end, .)

.fini_array     0x0000000008002d18        0x4
                0x0000000008002d18                PROVIDE (__fini_array_start, .)
 *(SORT_BY_NAME(.fini_array.*))
 *(.fini_array*)
 .fini_array    0x0000000008002d18        0x4 /opt/gcc-arm-none-eabi-7-2017-q4-major/bin/../lib/gcc/arm-none-eabi/7.2.1/thumb/v7e-m/fpv4-sp/hard/crtbegin.o
                0x0000000008002d1c                PROVIDE (__fini_array_end, .)
                0x0000000008002d1c                _sidata = LOADADDR (.data)

.data           0x0000000020000000      0x43c load address 0x0000000008002d1c
                0x0000000020000000                . = ALIGN (0x4)
                0x0000000020000000                _sdata = .
 *(.data)
 *(.data*)
 .data.uwTickFreq
                0x0000000020000000        0x1 build/stm32f4xx_hal.o
                0x0000000020000000                uwTickFreq
 *fill*         0x0000000020000001        0x3 
 .data.uwTickPrio
                0x0000000020000004        0x4 build/stm32f4xx_hal.o
                0x0000000020000004                uwTickPrio
 .data.SystemCoreClock
                0x0000000020000008        0x4 build/system_stm32f4xx.o
                0x0000000020000008                SystemCoreClock
 .data.uxCriticalNesting
                0x000000002000000c        0x4 build/port.o
 .data.impure_data
                0x0000000020000010      0x428 /opt/gcc-arm-none-eabi-7-2017-q4-major/bin/../lib/gcc/arm-none-eabi/7.2.1/../../../../arm-none-eabi/lib/thumb/v7e-m/fpv4-sp/hard/libc.a(lib_a-impure.o)
 .data.__atexit_recursive_mutex
                0x0000000020000438        0x4 /opt/gcc-arm-none-eabi-7-2017-q4-major/bin/../lib/gcc/arm-none-eabi/7.2.1/../../../../arm-none-eabi/lib/thumb/v7e-m/fpv4-sp/hard/libc.a(lib_a-__call_atexit.o)
                0x0000000020000438                __atexit_recursive_mutex
                0x000000002000043c                . = ALIGN (0x4)
                0x000000002000043c                _edata = .
                0x0000000008003158                _siccmram = LOADADDR (.ccmram)

.igot.plt       0x000000002000043c        0x0 load address 0x0000000008003158
 .igot.plt      0x000000002000043c        0x0 /opt/gcc-arm-none-eabi-7-2017-q4-major/bin/../lib/gcc/arm-none-eabi/7.2.1/thumb/v7e-m/fpv4-sp/hard/crtbegin.o

.ccmram         0x0000000010000000        0x0 load address 0x0000000008003158
                0x0000000010000000                . = ALIGN (0x4)
                0x0000000010000000                _sccmram = .
 *(.ccmram)
 *(.ccmram*)
                0x0000000010000000                . = ALIGN (0x4)
                0x0000000010000000                _eccmram = .
                0x0000000010000000                . = ALIGN (0x4)

.bss            0x000000002000043c     0x40fc
                0x000000002000043c                _sbss = .
                0x000000002000043c                __bss_start__ = _sbss
 *(.bss)
 .bss           0x000000002000043c       0x1c /opt/gcc-arm-none-eabi-7-2017-q4-major/bin/../lib/gcc/arm-none-eabi/7.2.1/thumb/v7e-m/fpv4-sp/hard/crtbegin.o
 *(.bss*)
 .bss.xIdleStack
                0x0000000020000458      0x200 build/freertos.o
 .bss.xIdleTaskTCBBuffer
                0x0000000020000658       0x54 build/freertos.o
 .bss.pxCurrentTCB
                0x00000000200006ac        0x4 build/tasks.o
                0x00000000200006ac                pxCurrentTCB
 .bss.pxDelayedTaskList
                0x00000000200006b0        0x4 build/tasks.o
 .bss.pxOverflowDelayedTaskList
                0x00000000200006b4        0x4 build/tasks.o
 .bss.pxReadyTasksLists
                0x00000000200006b8       0x8c build/tasks.o
 .bss.uxCurrentNumberOfTasks
                0x0000000020000744        0x4 build/tasks.o
 .bss.uxDeletedTasksWaitingCleanUp
                0x0000000020000748        0x4 build/tasks.o
 .bss.uxSchedulerSuspended
                0x000000002000074c        0x4 build/tasks.o
 .bss.uxTaskNumber
                0x0000000020000750        0x4 build/tasks.o
 .bss.uxTopReadyPriority
                0x0000000020000754        0x4 build/tasks.o
 .bss.xDelayedTaskList1
                0x0000000020000758       0x14 build/tasks.o
 .bss.xDelayedTaskList2
                0x000000002000076c       0x14 build/tasks.o
 .bss.xNextTaskUnblockTime
                0x0000000020000780        0x4 build/tasks.o
 .bss.xNumOfOverflows
                0x0000000020000784        0x4 build/tasks.o
 .bss.xPendedTicks
                0x0000000020000788        0x4 build/tasks.o
 .bss.xPendingReadyList
                0x000000002000078c       0x14 build/tasks.o
 .bss.xSchedulerRunning
                0x00000000200007a0        0x4 build/tasks.o
 .bss.xSuspendedTaskList
                0x00000000200007a4       0x14 build/tasks.o
 .bss.xTasksWaitingTermination
                0x00000000200007b8       0x14 build/tasks.o
 .bss.xTickCount
                0x00000000200007cc        0x4 build/tasks.o
 .bss.xYieldPending
                0x00000000200007d0        0x4 build/tasks.o
 .bss.pxEnd     0x00000000200007d4        0x4 build/heap_4.o
 .bss.ucHeap    0x00000000200007d8     0x3c00 build/heap_4.o
 .bss.xBlockAllocatedBit
                0x00000000200043d8        0x4 build/heap_4.o
 .bss.xFreeBytesRemaining
                0x00000000200043dc        0x4 build/heap_4.o
 .bss.xMinimumEverFreeBytesRemaining
                0x00000000200043e0        0x4 build/heap_4.o
 .bss.xNumberOfSuccessfulAllocations
                0x00000000200043e4        0x4 build/heap_4.o
 .bss.xNumberOfSuccessfulFrees
                0x00000000200043e8        0x4 build/heap_4.o
 .bss.xStart    0x00000000200043ec        0x8 build/heap_4.o
 .bss.ucMaxSysCallPriority
                0x00000000200043f4        0x1 build/port.o
 *fill*         0x00000000200043f5        0x3 
 .bss.ulMaxPRIGROUPValue
                0x00000000200043f8        0x4 build/port.o
 *(COMMON)
 COMMON         0x00000000200043fc        0x4 build/freertos.o
                0x00000000200043fc                defaultTaskHandle
 COMMON         0x0000000020004400       0x28 build/can.o
                0x0000000020004400                hcan1
 COMMON         0x0000000020004428       0x58 build/spi.o
                0x0000000020004428                hspi3
 COMMON         0x0000000020004480       0x48 build/tim.o
                0x0000000020004480                htim1
 COMMON         0x00000000200044c8       0x48 build/stm32f4xx_hal_timebase_tim.o
                0x00000000200044c8                htim6
 COMMON         0x0000000020004510        0x4 build/stm32f4xx_hal.o
                0x0000000020004510                uwTick
 COMMON         0x0000000020004514       0x21 /opt/gcc-arm-none-eabi-7-2017-q4-major/bin/../lib/gcc/arm-none-eabi/7.2.1/../../../../arm-none-eabi/lib/thumb/v7e-m/fpv4-sp/hard/libc.a(lib_a-lock.o)
                0x0000000020004514                __lock___atexit_recursive_mutex
                0x0000000020004518                __lock___arc4random_mutex
                0x000000002000451c                __lock___env_recursive_mutex
                0x0000000020004520                __lock___sinit_recursive_mutex
                0x0000000020004524                __lock___malloc_recursive_mutex
                0x0000000020004528                __lock___at_quick_exit_mutex
                0x000000002000452c                __lock___dd_hash_mutex
                0x0000000020004530                __lock___tz_mutex
                0x0000000020004534                __lock___sfp_recursive_mutex
                0x0000000020004538                . = ALIGN (0x4)
 *fill*         0x0000000020004535        0x3 
                0x0000000020004538                _ebss = .
                0x0000000020004538                __bss_end__ = _ebss

._user_heap_stack
                0x0000000020004538      0x600
                0x0000000020004538                . = ALIGN (0x8)
                0x0000000020004538                PROVIDE (end, .)
                [!provide]                        PROVIDE (_end, .)
                0x0000000020004738                . = (. + _Min_Heap_Size)
 *fill*         0x0000000020004538      0x200 
                0x0000000020004b38                . = (. + _Min_Stack_Size)
 *fill*         0x0000000020004738      0x400 
                0x0000000020004b38                . = ALIGN (0x8)

/DISCARD/
 libc.a(*)
 libm.a(*)
 libgcc.a(*)

.ARM.attributes
                0x0000000000000000       0x30
 *(.ARM.attributes)
 .ARM.attributes
                0x0000000000000000       0x22 /opt/gcc-arm-none-eabi-7-2017-q4-major/bin/../lib/gcc/arm-none-eabi/7.2.1/thumb/v7e-m/fpv4-sp/hard/crti.o
 .ARM.attributes
                0x0000000000000022       0x34 /opt/gcc-arm-none-eabi-7-2017-q4-major/bin/../lib/gcc/arm-none-eabi/7.2.1/thumb/v7e-m/fpv4-sp/hard/crtbegin.o
 .ARM.attributes
                0x0000000000000056       0x39 build/main.o
 .ARM.attributes
                0x000000000000008f       0x39 build/gpio.o
 .ARM.attributes
                0x00000000000000c8       0x39 build/freertos.o
 .ARM.attributes
                0x0000000000000101       0x39 build/can.o
 .ARM.attributes
                0x000000000000013a       0x39 build/spi.o
 .ARM.attributes
                0x0000000000000173       0x39 build/tim.o
 .ARM.attributes
                0x00000000000001ac       0x39 build/stm32f4xx_it.o
 .ARM.attributes
                0x00000000000001e5       0x39 build/stm32f4xx_hal_msp.o
 .ARM.attributes
                0x000000000000021e       0x39 build/stm32f4xx_hal_timebase_tim.o
 .ARM.attributes
                0x0000000000000257       0x39 build/stm32f4xx_hal_can.o
 .ARM.attributes
                0x0000000000000290       0x39 build/stm32f4xx_hal_rcc.o
 .ARM.attributes
                0x00000000000002c9       0x39 build/stm32f4xx_hal_gpio.o
 .ARM.attributes
                0x0000000000000302       0x39 build/stm32f4xx_hal_cortex.o
 .ARM.attributes
                0x000000000000033b       0x39 build/stm32f4xx_hal.o
 .ARM.attributes
                0x0000000000000374       0x39 build/stm32f4xx_hal_spi.o
 .ARM.attributes
                0x00000000000003ad       0x39 build/stm32f4xx_hal_tim.o
 .ARM.attributes
                0x00000000000003e6       0x39 build/stm32f4xx_hal_tim_ex.o
 .ARM.attributes
                0x000000000000041f       0x39 build/system_stm32f4xx.o
 .ARM.attributes
                0x0000000000000458       0x39 build/list.o
 .ARM.attributes
                0x0000000000000491       0x39 build/tasks.o
 .ARM.attributes
                0x00000000000004ca       0x39 build/cmsis_os.o
 .ARM.attributes
                0x0000000000000503       0x39 build/heap_4.o
 .ARM.attributes
                0x000000000000053c       0x39 build/port.o
 .ARM.attributes
                0x0000000000000575       0x21 build/startup_stm32f405xx.o
 .ARM.attributes
                0x0000000000000596       0x34 /opt/gcc-arm-none-eabi-7-2017-q4-major/bin/../lib/gcc/arm-none-eabi/7.2.1/../../../../arm-none-eabi/lib/thumb/v7e-m/fpv4-sp/hard/libc.a(lib_a-impure.o)
 .ARM.attributes
                0x00000000000005ca       0x34 /opt/gcc-arm-none-eabi-7-2017-q4-major/bin/../lib/gcc/arm-none-eabi/7.2.1/../../../../arm-none-eabi/lib/thumb/v7e-m/fpv4-sp/hard/libc.a(lib_a-init.o)
 .ARM.attributes
                0x00000000000005fe       0x34 /opt/gcc-arm-none-eabi-7-2017-q4-major/bin/../lib/gcc/arm-none-eabi/7.2.1/../../../../arm-none-eabi/lib/thumb/v7e-m/fpv4-sp/hard/libc.a(lib_a-memset.o)
 .ARM.attributes
                0x0000000000000632       0x34 /opt/gcc-arm-none-eabi-7-2017-q4-major/bin/../lib/gcc/arm-none-eabi/7.2.1/../../../../arm-none-eabi/lib/thumb/v7e-m/fpv4-sp/hard/libc.a(lib_a-__call_atexit.o)
 .ARM.attributes
                0x0000000000000666       0x34 /opt/gcc-arm-none-eabi-7-2017-q4-major/bin/../lib/gcc/arm-none-eabi/7.2.1/../../../../arm-none-eabi/lib/thumb/v7e-m/fpv4-sp/hard/libc.a(lib_a-atexit.o)
 .ARM.attributes
                0x000000000000069a       0x34 /opt/gcc-arm-none-eabi-7-2017-q4-major/bin/../lib/gcc/arm-none-eabi/7.2.1/../../../../arm-none-eabi/lib/thumb/v7e-m/fpv4-sp/hard/libc.a(lib_a-fini.o)
 .ARM.attributes
                0x00000000000006ce       0x34 /opt/gcc-arm-none-eabi-7-2017-q4-major/bin/../lib/gcc/arm-none-eabi/7.2.1/../../../../arm-none-eabi/lib/thumb/v7e-m/fpv4-sp/hard/libc.a(lib_a-lock.o)
 .ARM.attributes
                0x0000000000000702       0x34 /opt/gcc-arm-none-eabi-7-2017-q4-major/bin/../lib/gcc/arm-none-eabi/7.2.1/../../../../arm-none-eabi/lib/thumb/v7e-m/fpv4-sp/hard/libc.a(lib_a-__atexit.o)
 .ARM.attributes
                0x0000000000000736       0x22 /opt/gcc-arm-none-eabi-7-2017-q4-major/bin/../lib/gcc/arm-none-eabi/7.2.1/thumb/v7e-m/fpv4-sp/hard/libgcc.a(_aeabi_uldivmod.o)
 .ARM.attributes
                0x0000000000000758       0x34 /opt/gcc-arm-none-eabi-7-2017-q4-major/bin/../lib/gcc/arm-none-eabi/7.2.1/thumb/v7e-m/fpv4-sp/hard/libgcc.a(_udivmoddi4.o)
 .ARM.attributes
                0x000000000000078c       0x22 /opt/gcc-arm-none-eabi-7-2017-q4-major/bin/../lib/gcc/arm-none-eabi/7.2.1/thumb/v7e-m/fpv4-sp/hard/libgcc.a(_dvmd_tls.o)
 .ARM.attributes
                0x00000000000007ae       0x22 /opt/gcc-arm-none-eabi-7-2017-q4-major/bin/../lib/gcc/arm-none-eabi/7.2.1/thumb/v7e-m/fpv4-sp/hard/crtn.o
OUTPUT(build/main_board.elf elf32-littlearm)

.debug_info     0x0000000000000000    0x194fd
 .debug_info    0x0000000000000000     0x1406 build/main.o
 .debug_info    0x0000000000001406      0x3b3 build/gpio.o
 .debug_info    0x00000000000017b9      0x53d build/freertos.o
 .debug_info    0x0000000000001cf6      0xcc9 build/can.o
 .debug_info    0x00000000000029bf      0xb4b build/spi.o
 .debug_info    0x000000000000350a      0xb59 build/tim.o
 .debug_info    0x0000000000004063      0xc85 build/stm32f4xx_it.o
 .debug_info    0x0000000000004ce8      0x5f5 build/stm32f4xx_hal_msp.o
 .debug_info    0x00000000000052dd      0xdae build/stm32f4xx_hal_timebase_tim.o
 .debug_info    0x000000000000608b     0x126c build/stm32f4xx_hal_can.o
 .debug_info    0x00000000000072f7      0xb77 build/stm32f4xx_hal_rcc.o
 .debug_info    0x0000000000007e6e      0x872 build/stm32f4xx_hal_gpio.o
 .debug_info    0x00000000000086e0     0x1060 build/stm32f4xx_hal_cortex.o
 .debug_info    0x0000000000009740      0xac0 build/stm32f4xx_hal.o
 .debug_info    0x000000000000a200     0x1dd3 build/stm32f4xx_hal_spi.o
 .debug_info    0x000000000000bfd3     0x3a49 build/stm32f4xx_hal_tim.o
 .debug_info    0x000000000000fa1c     0x1a0e build/stm32f4xx_hal_tim_ex.o
 .debug_info    0x000000000001142a      0x5d8 build/system_stm32f4xx.o
 .debug_info    0x0000000000011a02      0xbe7 build/list.o
 .debug_info    0x00000000000125e9     0x3073 build/tasks.o
 .debug_info    0x000000000001565c     0x2a01 build/cmsis_os.o
 .debug_info    0x000000000001805d      0xed2 build/heap_4.o
 .debug_info    0x0000000000018f2f      0x5ac build/port.o
 .debug_info    0x00000000000194db       0x22 build/startup_stm32f405xx.o

.debug_abbrev   0x0000000000000000     0x3354
 .debug_abbrev  0x0000000000000000      0x239 build/main.o
 .debug_abbrev  0x0000000000000239      0x108 build/gpio.o
 .debug_abbrev  0x0000000000000341      0x192 build/freertos.o
 .debug_abbrev  0x00000000000004d3      0x1c9 build/can.o
 .debug_abbrev  0x000000000000069c      0x1ca build/spi.o
 .debug_abbrev  0x0000000000000866      0x1d9 build/tim.o
 .debug_abbrev  0x0000000000000a3f      0x194 build/stm32f4xx_it.o
 .debug_abbrev  0x0000000000000bd3      0x133 build/stm32f4xx_hal_msp.o
 .debug_abbrev  0x0000000000000d06      0x1f0 build/stm32f4xx_hal_timebase_tim.o
 .debug_abbrev  0x0000000000000ef6      0x26c build/stm32f4xx_hal_can.o
 .debug_abbrev  0x0000000000001162      0x28d build/stm32f4xx_hal_rcc.o
 .debug_abbrev  0x00000000000013ef      0x21c build/stm32f4xx_hal_gpio.o
 .debug_abbrev  0x000000000000160b      0x33d build/stm32f4xx_hal_cortex.o
 .debug_abbrev  0x0000000000001948      0x1ed build/stm32f4xx_hal.o
 .debug_abbrev  0x0000000000001b35      0x298 build/stm32f4xx_hal_spi.o
 .debug_abbrev  0x0000000000001dcd      0x283 build/stm32f4xx_hal_tim.o
 .debug_abbrev  0x0000000000002050      0x28b build/stm32f4xx_hal_tim_ex.o
 .debug_abbrev  0x00000000000022db      0x12a build/system_stm32f4xx.o
 .debug_abbrev  0x0000000000002405      0x21e build/list.o
 .debug_abbrev  0x0000000000002623      0x3e2 build/tasks.o
 .debug_abbrev  0x0000000000002a05      0x3c2 build/cmsis_os.o
 .debug_abbrev  0x0000000000002dc7      0x324 build/heap_4.o
 .debug_abbrev  0x00000000000030eb      0x257 build/port.o
 .debug_abbrev  0x0000000000003342       0x12 build/startup_stm32f405xx.o

.debug_loc      0x0000000000000000     0xf9c1
 .debug_loc     0x0000000000000000       0xc0 build/main.o
 .debug_loc     0x00000000000000c0       0x2c build/gpio.o
 .debug_loc     0x00000000000000ec       0x79 build/freertos.o
 .debug_loc     0x0000000000000165       0xf8 build/can.o
 .debug_loc     0x000000000000025d       0xf8 build/spi.o
 .debug_loc     0x0000000000000355       0x70 build/tim.o
 .debug_loc     0x00000000000003c5       0x60 build/stm32f4xx_it.o
 .debug_loc     0x0000000000000425       0x38 build/stm32f4xx_hal_msp.o
 .debug_loc     0x000000000000045d      0x118 build/stm32f4xx_hal_timebase_tim.o
 .debug_loc     0x0000000000000575      0xddf build/stm32f4xx_hal_can.o
 .debug_loc     0x0000000000001354      0x573 build/stm32f4xx_hal_rcc.o
 .debug_loc     0x00000000000018c7      0x53d build/stm32f4xx_hal_gpio.o
 .debug_loc     0x0000000000001e04      0x65e build/stm32f4xx_hal_cortex.o
 .debug_loc     0x0000000000002462      0x1bb build/stm32f4xx_hal.o
 .debug_loc     0x000000000000261d     0x2198 build/stm32f4xx_hal_spi.o
 .debug_loc     0x00000000000047b5     0x5696 build/stm32f4xx_hal_tim.o
 .debug_loc     0x0000000000009e4b     0x1fcf build/stm32f4xx_hal_tim_ex.o
 .debug_loc     0x000000000000be1a      0x13e build/system_stm32f4xx.o
 .debug_loc     0x000000000000bf58       0x9c build/list.o
 .debug_loc     0x000000000000bff4     0x1d87 build/tasks.o
 .debug_loc     0x000000000000dd7b     0x16bf build/cmsis_os.o
 .debug_loc     0x000000000000f43a      0x427 build/heap_4.o
 .debug_loc     0x000000000000f861      0x160 build/port.o

.debug_aranges  0x0000000000000000     0x1178
 .debug_aranges
                0x0000000000000000       0x38 build/main.o
 .debug_aranges
                0x0000000000000038       0x20 build/gpio.o
 .debug_aranges
                0x0000000000000058       0x30 build/freertos.o
 .debug_aranges
                0x0000000000000088       0x30 build/can.o
 .debug_aranges
                0x00000000000000b8       0x30 build/spi.o
 .debug_aranges
                0x00000000000000e8       0x30 build/tim.o
 .debug_aranges
                0x0000000000000118       0x60 build/stm32f4xx_it.o
 .debug_aranges
                0x0000000000000178       0x20 build/stm32f4xx_hal_msp.o
 .debug_aranges
                0x0000000000000198       0x30 build/stm32f4xx_hal_timebase_tim.o
 .debug_aranges
                0x00000000000001c8      0x138 build/stm32f4xx_hal_can.o
 .debug_aranges
                0x0000000000000300       0x88 build/stm32f4xx_hal_rcc.o
 .debug_aranges
                0x0000000000000388       0x58 build/stm32f4xx_hal_gpio.o
 .debug_aranges
                0x00000000000003e0       0xa8 build/stm32f4xx_hal_cortex.o
 .debug_aranges
                0x0000000000000488       0xf0 build/stm32f4xx_hal.o
 .debug_aranges
                0x0000000000000578      0x1d0 build/stm32f4xx_hal_spi.o
 .debug_aranges
                0x0000000000000748      0x3d0 build/stm32f4xx_hal_tim.o
 .debug_aranges
                0x0000000000000b18      0x168 build/stm32f4xx_hal_tim_ex.o
 .debug_aranges
                0x0000000000000c80       0x28 build/system_stm32f4xx.o
 .debug_aranges
                0x0000000000000ca8       0x40 build/list.o
 .debug_aranges
                0x0000000000000ce8      0x1b8 build/tasks.o
 .debug_aranges
                0x0000000000000ea0      0x1d8 build/cmsis_os.o
 .debug_aranges
                0x0000000000001078       0x58 build/heap_4.o
 .debug_aranges
                0x00000000000010d0       0x80 build/port.o
 .debug_aranges
                0x0000000000001150       0x28 build/startup_stm32f405xx.o

.debug_ranges   0x0000000000000000     0x1108
 .debug_ranges  0x0000000000000000       0x28 build/main.o
 .debug_ranges  0x0000000000000028       0x10 build/gpio.o
 .debug_ranges  0x0000000000000038       0x20 build/freertos.o
 .debug_ranges  0x0000000000000058       0x20 build/can.o
 .debug_ranges  0x0000000000000078       0x20 build/spi.o
 .debug_ranges  0x0000000000000098       0x20 build/tim.o
 .debug_ranges  0x00000000000000b8       0x50 build/stm32f4xx_it.o
 .debug_ranges  0x0000000000000108       0x10 build/stm32f4xx_hal_msp.o
 .debug_ranges  0x0000000000000118       0x20 build/stm32f4xx_hal_timebase_tim.o
 .debug_ranges  0x0000000000000138      0x128 build/stm32f4xx_hal_can.o
 .debug_ranges  0x0000000000000260       0x90 build/stm32f4xx_hal_rcc.o
 .debug_ranges  0x00000000000002f0       0x48 build/stm32f4xx_hal_gpio.o
 .debug_ranges  0x0000000000000338       0xf8 build/stm32f4xx_hal_cortex.o
 .debug_ranges  0x0000000000000430       0xe0 build/stm32f4xx_hal.o
 .debug_ranges  0x0000000000000510      0x1c0 build/stm32f4xx_hal_spi.o
 .debug_ranges  0x00000000000006d0      0x3c0 build/stm32f4xx_hal_tim.o
 .debug_ranges  0x0000000000000a90      0x158 build/stm32f4xx_hal_tim_ex.o
 .debug_ranges  0x0000000000000be8       0x18 build/system_stm32f4xx.o
 .debug_ranges  0x0000000000000c00       0x30 build/list.o
 .debug_ranges  0x0000000000000c30      0x238 build/tasks.o
 .debug_ranges  0x0000000000000e68      0x1c8 build/cmsis_os.o
 .debug_ranges  0x0000000000001030       0x48 build/heap_4.o
 .debug_ranges  0x0000000000001078       0x70 build/port.o
 .debug_ranges  0x00000000000010e8       0x20 build/startup_stm32f405xx.o

.debug_line     0x0000000000000000     0x87a3
 .debug_line    0x0000000000000000      0x32b build/main.o
 .debug_line    0x000000000000032b      0x192 build/gpio.o
 .debug_line    0x00000000000004bd      0x2a4 build/freertos.o
 .debug_line    0x0000000000000761      0x26a build/can.o
 .debug_line    0x00000000000009cb      0x252 build/spi.o
 .debug_line    0x0000000000000c1d      0x249 build/tim.o
 .debug_line    0x0000000000000e66      0x28a build/stm32f4xx_it.o
 .debug_line    0x00000000000010f0      0x1ba build/stm32f4xx_hal_msp.o
 .debug_line    0x00000000000012aa      0x260 build/stm32f4xx_hal_timebase_tim.o
 .debug_line    0x000000000000150a      0x6de build/stm32f4xx_hal_can.o
 .debug_line    0x0000000000001be8      0x4a5 build/stm32f4xx_hal_rcc.o
 .debug_line    0x000000000000208d      0x364 build/stm32f4xx_hal_gpio.o
 .debug_line    0x00000000000023f1      0x432 build/stm32f4xx_hal_cortex.o
 .debug_line    0x0000000000002823      0x3e8 build/stm32f4xx_hal.o
 .debug_line    0x0000000000002c0b      0xc71 build/stm32f4xx_hal_spi.o
 .debug_line    0x000000000000387c     0x1f3f build/stm32f4xx_hal_tim.o
 .debug_line    0x00000000000057bb      0xe63 build/stm32f4xx_hal_tim_ex.o
 .debug_line    0x000000000000661e      0x1ca build/system_stm32f4xx.o
 .debug_line    0x00000000000067e8      0x2e3 build/list.o
 .debug_line    0x0000000000006acb      0xc76 build/tasks.o
 .debug_line    0x0000000000007741      0x8f3 build/cmsis_os.o
 .debug_line    0x0000000000008034      0x3cf build/heap_4.o
 .debug_line    0x0000000000008403      0x32a build/port.o
 .debug_line    0x000000000000872d       0x76 build/startup_stm32f405xx.o

.debug_str      0x0000000000000000     0x60ad
 .debug_str     0x0000000000000000      0xe11 build/main.o
                                        0xf1b (size before relaxing)
 .debug_str     0x0000000000000e11       0x10 build/gpio.o
                                        0x392 (size before relaxing)
 .debug_str     0x0000000000000e21      0x2c1 build/freertos.o
                                        0x58b (size before relaxing)
 .debug_str     0x00000000000010e2      0x5d7 build/can.o
                                        0xc05 (size before relaxing)
 .debug_str     0x00000000000016b9       0x48 build/spi.o
                                        0x8c6 (size before relaxing)
 .debug_str     0x0000000000001701      0x139 build/tim.o
                                        0xa22 (size before relaxing)
 .debug_str     0x000000000000183a       0xe4 build/stm32f4xx_it.o
                                        0xaea (size before relaxing)
 .debug_str     0x000000000000191e       0x29 build/stm32f4xx_hal_msp.o
                                        0x880 (size before relaxing)
 .debug_str     0x0000000000001947       0xf3 build/stm32f4xx_hal_timebase_tim.o
                                        0xf19 (size before relaxing)
 .debug_str     0x0000000000001a3a      0x545 build/stm32f4xx_hal_can.o
                                        0xb1c (size before relaxing)
 .debug_str     0x0000000000001f7f      0x18e build/stm32f4xx_hal_rcc.o
                                        0x78f (size before relaxing)
 .debug_str     0x000000000000210d      0x153 build/stm32f4xx_hal_gpio.o
                                        0x5b1 (size before relaxing)
 .debug_str     0x0000000000002260      0x4bb build/stm32f4xx_hal_cortex.o
                                        0xcca (size before relaxing)
 .debug_str     0x000000000000271b      0x1fd build/stm32f4xx_hal.o
                                        0xb8b (size before relaxing)
 .debug_str     0x0000000000002918      0x556 build/stm32f4xx_hal_spi.o
                                        0xcbb (size before relaxing)
 .debug_str     0x0000000000002e6e      0xe10 build/stm32f4xx_hal_tim.o
                                       0x179c (size before relaxing)
 .debug_str     0x0000000000003c7e      0x521 build/stm32f4xx_hal_tim_ex.o
                                        0xf9d (size before relaxing)
 .debug_str     0x000000000000419f       0x47 build/system_stm32f4xx.o
                                        0x41a (size before relaxing)
 .debug_str     0x00000000000041e6      0x4fd build/list.o
                                        0x6fd (size before relaxing)
 .debug_str     0x00000000000046e3      0xc0b build/tasks.o
                                       0x1416 (size before relaxing)
 .debug_str     0x00000000000052ee      0x955 build/cmsis_os.o
                                       0x143a (size before relaxing)
 .debug_str     0x0000000000005c43      0x2c8 build/heap_4.o
                                        0x90b (size before relaxing)
 .debug_str     0x0000000000005f0b      0x17d build/port.o
                                        0x483 (size before relaxing)
 .debug_str     0x0000000000006088       0x25 build/startup_stm32f405xx.o
                                         0x5c (size before relaxing)

.comment        0x0000000000000000       0x7e
 .comment       0x0000000000000000       0x7e build/main.o
                                         0x7f (size before relaxing)
 .comment       0x000000000000007e       0x7f build/gpio.o
 .comment       0x000000000000007e       0x7f build/freertos.o
 .comment       0x000000000000007e       0x7f build/can.o
 .comment       0x000000000000007e       0x7f build/spi.o
 .comment       0x000000000000007e       0x7f build/tim.o
 .comment       0x000000000000007e       0x7f build/stm32f4xx_it.o
 .comment       0x000000000000007e       0x7f build/stm32f4xx_hal_msp.o
 .comment       0x000000000000007e       0x7f build/stm32f4xx_hal_timebase_tim.o
 .comment       0x000000000000007e       0x7f build/stm32f4xx_hal_can.o
 .comment       0x000000000000007e       0x7f build/stm32f4xx_hal_rcc.o
 .comment       0x000000000000007e       0x7f build/stm32f4xx_hal_gpio.o
 .comment       0x000000000000007e       0x7f build/stm32f4xx_hal_cortex.o
 .comment       0x000000000000007e       0x7f build/stm32f4xx_hal.o
 .comment       0x000000000000007e       0x7f build/stm32f4xx_hal_spi.o
 .comment       0x000000000000007e       0x7f build/stm32f4xx_hal_tim.o
 .comment       0x000000000000007e       0x7f build/stm32f4xx_hal_tim_ex.o
 .comment       0x000000000000007e       0x7f build/system_stm32f4xx.o
 .comment       0x000000000000007e       0x7f build/list.o
 .comment       0x000000000000007e       0x7f build/tasks.o
 .comment       0x000000000000007e       0x7f build/cmsis_os.o
 .comment       0x000000000000007e       0x7f build/heap_4.o
 .comment       0x000000000000007e       0x7f build/port.o

.debug_frame    0x0000000000000000     0x367c
 .debug_frame   0x0000000000000000       0x7c build/main.o
 .debug_frame   0x000000000000007c       0x28 build/gpio.o
 .debug_frame   0x00000000000000a4       0x60 build/freertos.o
 .debug_frame   0x0000000000000104       0x6c build/can.o
 .debug_frame   0x0000000000000170       0x68 build/spi.o
 .debug_frame   0x00000000000001d8       0x58 build/tim.o
 .debug_frame   0x0000000000000230       0xc4 build/stm32f4xx_it.o
 .debug_frame   0x00000000000002f4       0x2c build/stm32f4xx_hal_msp.o
 .debug_frame   0x0000000000000320       0x58 build/stm32f4xx_hal_timebase_tim.o
 .debug_frame   0x0000000000000378      0x318 build/stm32f4xx_hal_can.o
 .debug_frame   0x0000000000000690      0x1c4 build/stm32f4xx_hal_rcc.o
 .debug_frame   0x0000000000000854       0xec build/stm32f4xx_hal_gpio.o
 .debug_frame   0x0000000000000940      0x16c build/stm32f4xx_hal_cortex.o
 .debug_frame   0x0000000000000aac      0x200 build/stm32f4xx_hal.o
 .debug_frame   0x0000000000000cac      0x638 build/stm32f4xx_hal_spi.o
 .debug_frame   0x00000000000012e4      0xd14 build/stm32f4xx_hal_tim.o
 .debug_frame   0x0000000000001ff8      0x520 build/stm32f4xx_hal_tim_ex.o
 .debug_frame   0x0000000000002518       0x30 build/system_stm32f4xx.o
 .debug_frame   0x0000000000002548       0x70 build/list.o
 .debug_frame   0x00000000000025b8      0x640 build/tasks.o
 .debug_frame   0x0000000000002bf8      0x644 build/cmsis_os.o
 .debug_frame   0x000000000000323c       0xe4 build/heap_4.o
 .debug_frame   0x0000000000003320      0x104 build/port.o
 .debug_frame   0x0000000000003424       0x2c /opt/gcc-arm-none-eabi-7-2017-q4-major/bin/../lib/gcc/arm-none-eabi/7.2.1/../../../../arm-none-eabi/lib/thumb/v7e-m/fpv4-sp/hard/libc.a(lib_a-init.o)
 .debug_frame   0x0000000000003450       0x38 /opt/gcc-arm-none-eabi-7-2017-q4-major/bin/../lib/gcc/arm-none-eabi/7.2.1/../../../../arm-none-eabi/lib/thumb/v7e-m/fpv4-sp/hard/libc.a(lib_a-memset.o)
 .debug_frame   0x0000000000003488       0x5c /opt/gcc-arm-none-eabi-7-2017-q4-major/bin/../lib/gcc/arm-none-eabi/7.2.1/../../../../arm-none-eabi/lib/thumb/v7e-m/fpv4-sp/hard/libc.a(lib_a-__call_atexit.o)
 .debug_frame   0x00000000000034e4       0x20 /opt/gcc-arm-none-eabi-7-2017-q4-major/bin/../lib/gcc/arm-none-eabi/7.2.1/../../../../arm-none-eabi/lib/thumb/v7e-m/fpv4-sp/hard/libc.a(lib_a-atexit.o)
 .debug_frame   0x0000000000003504       0x34 /opt/gcc-arm-none-eabi-7-2017-q4-major/bin/../lib/gcc/arm-none-eabi/7.2.1/../../../../arm-none-eabi/lib/thumb/v7e-m/fpv4-sp/hard/libc.a(lib_a-fini.o)
 .debug_frame   0x0000000000003538       0xb0 /opt/gcc-arm-none-eabi-7-2017-q4-major/bin/../lib/gcc/arm-none-eabi/7.2.1/../../../../arm-none-eabi/lib/thumb/v7e-m/fpv4-sp/hard/libc.a(lib_a-lock.o)
 .debug_frame   0x00000000000035e8       0x34 /opt/gcc-arm-none-eabi-7-2017-q4-major/bin/../lib/gcc/arm-none-eabi/7.2.1/../../../../arm-none-eabi/lib/thumb/v7e-m/fpv4-sp/hard/libc.a(lib_a-__atexit.o)
 .debug_frame   0x000000000000361c       0x2c /opt/gcc-arm-none-eabi-7-2017-q4-major/bin/../lib/gcc/arm-none-eabi/7.2.1/thumb/v7e-m/fpv4-sp/hard/libgcc.a(_aeabi_uldivmod.o)
 .debug_frame   0x0000000000003648       0x34 /opt/gcc-arm-none-eabi-7-2017-q4-major/bin/../lib/gcc/arm-none-eabi/7.2.1/thumb/v7e-m/fpv4-sp/hard/libgcc.a(_udivmoddi4.o)

Cross Reference Table

Symbol                                            File
ADC_IRQHandler                                    build/startup_stm32f405xx.o
AHBPrescTable                                     build/system_stm32f4xx.o
                                                  build/stm32f4xx_hal_rcc.o
APBPrescTable                                     build/system_stm32f4xx.o
                                                  build/stm32f4xx_hal_rcc.o
BusFault_Handler                                  build/stm32f4xx_it.o
CAN1_RX0_IRQHandler                               build/stm32f4xx_it.o
CAN1_RX1_IRQHandler                               build/startup_stm32f405xx.o
CAN1_SCE_IRQHandler                               build/startup_stm32f405xx.o
CAN1_TX_IRQHandler                                build/stm32f4xx_it.o
CAN2_RX0_IRQHandler                               build/startup_stm32f405xx.o
CAN2_RX1_IRQHandler                               build/startup_stm32f405xx.o
CAN2_SCE_IRQHandler                               build/startup_stm32f405xx.o
CAN2_TX_IRQHandler                                build/startup_stm32f405xx.o
DMA1_Stream0_IRQHandler                           build/startup_stm32f405xx.o
DMA1_Stream1_IRQHandler                           build/startup_stm32f405xx.o
DMA1_Stream2_IRQHandler                           build/startup_stm32f405xx.o
DMA1_Stream3_IRQHandler                           build/startup_stm32f405xx.o
DMA1_Stream4_IRQHandler                           build/startup_stm32f405xx.o
DMA1_Stream5_IRQHandler                           build/startup_stm32f405xx.o
DMA1_Stream6_IRQHandler                           build/startup_stm32f405xx.o
DMA1_Stream7_IRQHandler                           build/startup_stm32f405xx.o
DMA2_Stream0_IRQHandler                           build/startup_stm32f405xx.o
DMA2_Stream1_IRQHandler                           build/startup_stm32f405xx.o
DMA2_Stream2_IRQHandler                           build/startup_stm32f405xx.o
DMA2_Stream3_IRQHandler                           build/startup_stm32f405xx.o
DMA2_Stream4_IRQHandler                           build/startup_stm32f405xx.o
DMA2_Stream5_IRQHandler                           build/startup_stm32f405xx.o
DMA2_Stream6_IRQHandler                           build/startup_stm32f405xx.o
DMA2_Stream7_IRQHandler                           build/startup_stm32f405xx.o
DebugMon_Handler                                  build/stm32f4xx_it.o
Default_Handler                                   build/startup_stm32f405xx.o
EXTI0_IRQHandler                                  build/startup_stm32f405xx.o
EXTI15_10_IRQHandler                              build/startup_stm32f405xx.o
EXTI1_IRQHandler                                  build/startup_stm32f405xx.o
EXTI2_IRQHandler                                  build/startup_stm32f405xx.o
EXTI3_IRQHandler                                  build/startup_stm32f405xx.o
EXTI4_IRQHandler                                  build/startup_stm32f405xx.o
EXTI9_5_IRQHandler                                build/startup_stm32f405xx.o
Error_Handler                                     build/main.o
                                                  build/tim.o
                                                  build/spi.o
                                                  build/can.o
FLASH_Erase_Sector                                build/stm32f4xx_hal_flash_ex.o
                                                  build/stm32f4xx_hal_flash.o
FLASH_FlushCaches                                 build/stm32f4xx_hal_flash_ex.o
                                                  build/stm32f4xx_hal_flash.o
FLASH_IRQHandler                                  build/startup_stm32f405xx.o
FLASH_WaitForLastOperation                        build/stm32f4xx_hal_flash.o
                                                  build/stm32f4xx_hal_flash_ex.o
FPU_IRQHandler                                    build/startup_stm32f405xx.o
FSMC_IRQHandler                                   build/startup_stm32f405xx.o
HAL_CAN_AbortTxRequest                            build/stm32f4xx_hal_can.o
HAL_CAN_ActivateNotification                      build/stm32f4xx_hal_can.o
HAL_CAN_AddTxMessage                              build/stm32f4xx_hal_can.o
HAL_CAN_ConfigFilter                              build/stm32f4xx_hal_can.o
HAL_CAN_DeInit                                    build/stm32f4xx_hal_can.o
HAL_CAN_DeactivateNotification                    build/stm32f4xx_hal_can.o
HAL_CAN_ErrorCallback                             build/stm32f4xx_hal_can.o
HAL_CAN_GetError                                  build/stm32f4xx_hal_can.o
HAL_CAN_GetRxFifoFillLevel                        build/stm32f4xx_hal_can.o
HAL_CAN_GetRxMessage                              build/stm32f4xx_hal_can.o
HAL_CAN_GetState                                  build/stm32f4xx_hal_can.o
HAL_CAN_GetTxMailboxesFreeLevel                   build/stm32f4xx_hal_can.o
HAL_CAN_GetTxTimestamp                            build/stm32f4xx_hal_can.o
HAL_CAN_IRQHandler                                build/stm32f4xx_hal_can.o
                                                  build/stm32f4xx_it.o
HAL_CAN_Init                                      build/stm32f4xx_hal_can.o
                                                  build/can.o
HAL_CAN_IsSleepActive                             build/stm32f4xx_hal_can.o
HAL_CAN_IsTxMessagePending                        build/stm32f4xx_hal_can.o
HAL_CAN_MspDeInit                                 build/can.o
HAL_CAN_MspInit                                   build/can.o
HAL_CAN_RequestSleep                              build/stm32f4xx_hal_can.o
HAL_CAN_ResetError                                build/stm32f4xx_hal_can.o
HAL_CAN_RxFifo0FullCallback                       build/stm32f4xx_hal_can.o
HAL_CAN_RxFifo0MsgPendingCallback                 build/stm32f4xx_hal_can.o
HAL_CAN_RxFifo1FullCallback                       build/stm32f4xx_hal_can.o
HAL_CAN_RxFifo1MsgPendingCallback                 build/stm32f4xx_hal_can.o
HAL_CAN_SleepCallback                             build/stm32f4xx_hal_can.o
HAL_CAN_Start                                     build/stm32f4xx_hal_can.o
HAL_CAN_Stop                                      build/stm32f4xx_hal_can.o
HAL_CAN_TxMailbox0AbortCallback                   build/stm32f4xx_hal_can.o
HAL_CAN_TxMailbox0CompleteCallback                build/stm32f4xx_hal_can.o
HAL_CAN_TxMailbox1AbortCallback                   build/stm32f4xx_hal_can.o
HAL_CAN_TxMailbox1CompleteCallback                build/stm32f4xx_hal_can.o
HAL_CAN_TxMailbox2AbortCallback                   build/stm32f4xx_hal_can.o
HAL_CAN_TxMailbox2CompleteCallback                build/stm32f4xx_hal_can.o
HAL_CAN_WakeUp                                    build/stm32f4xx_hal_can.o
HAL_CAN_WakeUpFromRxMsgCallback                   build/stm32f4xx_hal_can.o
HAL_DBGMCU_DisableDBGSleepMode                    build/stm32f4xx_hal.o
HAL_DBGMCU_DisableDBGStandbyMode                  build/stm32f4xx_hal.o
HAL_DBGMCU_DisableDBGStopMode                     build/stm32f4xx_hal.o
HAL_DBGMCU_EnableDBGSleepMode                     build/stm32f4xx_hal.o
HAL_DBGMCU_EnableDBGStandbyMode                   build/stm32f4xx_hal.o
HAL_DBGMCU_EnableDBGStopMode                      build/stm32f4xx_hal.o
HAL_DMAEx_ChangeMemory                            build/stm32f4xx_hal_dma_ex.o
HAL_DMAEx_MultiBufferStart                        build/stm32f4xx_hal_dma_ex.o
HAL_DMAEx_MultiBufferStart_IT                     build/stm32f4xx_hal_dma_ex.o
HAL_DMA_Abort                                     build/stm32f4xx_hal_dma.o
                                                  build/stm32f4xx_hal_spi.o
HAL_DMA_Abort_IT                                  build/stm32f4xx_hal_dma.o
                                                  build/stm32f4xx_hal_tim_ex.o
                                                  build/stm32f4xx_hal_tim.o
                                                  build/stm32f4xx_hal_spi.o
HAL_DMA_DeInit                                    build/stm32f4xx_hal_dma.o
HAL_DMA_GetError                                  build/stm32f4xx_hal_dma.o
HAL_DMA_GetState                                  build/stm32f4xx_hal_dma.o
HAL_DMA_IRQHandler                                build/stm32f4xx_hal_dma.o
HAL_DMA_Init                                      build/stm32f4xx_hal_dma.o
HAL_DMA_PollForTransfer                           build/stm32f4xx_hal_dma.o
HAL_DMA_RegisterCallback                          build/stm32f4xx_hal_dma.o
HAL_DMA_Start                                     build/stm32f4xx_hal_dma.o
HAL_DMA_Start_IT                                  build/stm32f4xx_hal_dma.o
                                                  build/stm32f4xx_hal_tim_ex.o
                                                  build/stm32f4xx_hal_tim.o
                                                  build/stm32f4xx_hal_spi.o
HAL_DMA_UnRegisterCallback                        build/stm32f4xx_hal_dma.o
HAL_DeInit                                        build/stm32f4xx_hal.o
HAL_Delay                                         build/stm32f4xx_hal.o
HAL_DisableCompensationCell                       build/stm32f4xx_hal.o
HAL_EXTI_ClearConfigLine                          build/stm32f4xx_hal_exti.o
HAL_EXTI_ClearPending                             build/stm32f4xx_hal_exti.o
HAL_EXTI_GenerateSWI                              build/stm32f4xx_hal_exti.o
HAL_EXTI_GetConfigLine                            build/stm32f4xx_hal_exti.o
HAL_EXTI_GetHandle                                build/stm32f4xx_hal_exti.o
HAL_EXTI_GetPending                               build/stm32f4xx_hal_exti.o
HAL_EXTI_IRQHandler                               build/stm32f4xx_hal_exti.o
HAL_EXTI_RegisterCallback                         build/stm32f4xx_hal_exti.o
HAL_EXTI_SetConfigLine                            build/stm32f4xx_hal_exti.o
HAL_EnableCompensationCell                        build/stm32f4xx_hal.o
HAL_FLASHEx_Erase                                 build/stm32f4xx_hal_flash_ex.o
HAL_FLASHEx_Erase_IT                              build/stm32f4xx_hal_flash_ex.o
HAL_FLASHEx_OBGetConfig                           build/stm32f4xx_hal_flash_ex.o
HAL_FLASHEx_OBProgram                             build/stm32f4xx_hal_flash_ex.o
HAL_FLASH_EndOfOperationCallback                  build/stm32f4xx_hal_flash.o
HAL_FLASH_GetError                                build/stm32f4xx_hal_flash.o
HAL_FLASH_IRQHandler                              build/stm32f4xx_hal_flash.o
HAL_FLASH_Lock                                    build/stm32f4xx_hal_flash.o
HAL_FLASH_OB_Launch                               build/stm32f4xx_hal_flash.o
HAL_FLASH_OB_Lock                                 build/stm32f4xx_hal_flash.o
HAL_FLASH_OB_Unlock                               build/stm32f4xx_hal_flash.o
HAL_FLASH_OperationErrorCallback                  build/stm32f4xx_hal_flash.o
HAL_FLASH_Program                                 build/stm32f4xx_hal_flash.o
HAL_FLASH_Program_IT                              build/stm32f4xx_hal_flash.o
HAL_FLASH_Unlock                                  build/stm32f4xx_hal_flash.o
HAL_GPIO_DeInit                                   build/stm32f4xx_hal_gpio.o
                                                  build/spi.o
                                                  build/can.o
HAL_GPIO_EXTI_Callback                            build/stm32f4xx_hal_gpio.o
HAL_GPIO_EXTI_IRQHandler                          build/stm32f4xx_hal_gpio.o
HAL_GPIO_Init                                     build/stm32f4xx_hal_gpio.o
                                                  build/stm32f4xx_hal_rcc.o
                                                  build/spi.o
                                                  build/can.o
HAL_GPIO_LockPin                                  build/stm32f4xx_hal_gpio.o
HAL_GPIO_ReadPin                                  build/stm32f4xx_hal_gpio.o
HAL_GPIO_TogglePin                                build/stm32f4xx_hal_gpio.o
HAL_GPIO_WritePin                                 build/stm32f4xx_hal_gpio.o
HAL_GetDEVID                                      build/stm32f4xx_hal.o
HAL_GetHalVersion                                 build/stm32f4xx_hal.o
HAL_GetREVID                                      build/stm32f4xx_hal.o
HAL_GetTick                                       build/stm32f4xx_hal.o
                                                  build/stm32f4xx_hal_spi.o
                                                  build/stm32f4xx_hal_pwr_ex.o
                                                  build/stm32f4xx_hal_dma.o
                                                  build/stm32f4xx_hal_flash.o
                                                  build/stm32f4xx_hal_rcc_ex.o
                                                  build/stm32f4xx_hal_rcc.o
                                                  build/stm32f4xx_hal_can.o
HAL_GetTickFreq                                   build/stm32f4xx_hal.o
HAL_GetTickPrio                                   build/stm32f4xx_hal.o
HAL_GetUIDw0                                      build/stm32f4xx_hal.o
HAL_GetUIDw1                                      build/stm32f4xx_hal.o
HAL_GetUIDw2                                      build/stm32f4xx_hal.o
HAL_IncTick                                       build/stm32f4xx_hal.o
                                                  build/main.o
HAL_Init                                          build/stm32f4xx_hal.o
                                                  build/main.o
HAL_InitTick                                      build/stm32f4xx_hal_timebase_tim.o
                                                  build/stm32f4xx_hal_rcc_ex.o
                                                  build/stm32f4xx_hal_rcc.o
HAL_MPU_ConfigRegion                              build/stm32f4xx_hal_cortex.o
HAL_MPU_Disable                                   build/stm32f4xx_hal_cortex.o
HAL_MPU_Enable                                    build/stm32f4xx_hal_cortex.o
HAL_MspDeInit                                     build/stm32f4xx_hal.o
HAL_MspInit                                       build/stm32f4xx_hal_msp.o
HAL_NVIC_ClearPendingIRQ                          build/stm32f4xx_hal_cortex.o
HAL_NVIC_DisableIRQ                               build/stm32f4xx_hal_cortex.o
                                                  build/can.o
HAL_NVIC_EnableIRQ                                build/stm32f4xx_hal_cortex.o
                                                  build/stm32f4xx_hal_timebase_tim.o
                                                  build/can.o
HAL_NVIC_GetActive                                build/stm32f4xx_hal_cortex.o
HAL_NVIC_GetPendingIRQ                            build/stm32f4xx_hal_cortex.o
HAL_NVIC_GetPriority                              build/stm32f4xx_hal_cortex.o
HAL_NVIC_GetPriorityGrouping                      build/stm32f4xx_hal_cortex.o
HAL_NVIC_SetPendingIRQ                            build/stm32f4xx_hal_cortex.o
HAL_NVIC_SetPriority                              build/stm32f4xx_hal_cortex.o
                                                  build/stm32f4xx_hal.o
                                                  build/stm32f4xx_hal_timebase_tim.o
                                                  build/stm32f4xx_hal_msp.o
                                                  build/can.o
HAL_NVIC_SetPriorityGrouping                      build/stm32f4xx_hal_cortex.o
                                                  build/stm32f4xx_hal.o
HAL_NVIC_SystemReset                              build/stm32f4xx_hal_cortex.o
HAL_PWREx_ControlVoltageScaling                   build/stm32f4xx_hal_pwr_ex.o
HAL_PWREx_DisableBkUpReg                          build/stm32f4xx_hal_pwr_ex.o
HAL_PWREx_DisableFlashPowerDown                   build/stm32f4xx_hal_pwr_ex.o
HAL_PWREx_EnableBkUpReg                           build/stm32f4xx_hal_pwr_ex.o
HAL_PWREx_EnableFlashPowerDown                    build/stm32f4xx_hal_pwr_ex.o
HAL_PWREx_GetVoltageRange                         build/stm32f4xx_hal_pwr_ex.o
HAL_PWR_ConfigPVD                                 build/stm32f4xx_hal_pwr.o
HAL_PWR_DeInit                                    build/stm32f4xx_hal_pwr.o
HAL_PWR_DisableBkUpAccess                         build/stm32f4xx_hal_pwr.o
HAL_PWR_DisablePVD                                build/stm32f4xx_hal_pwr.o
HAL_PWR_DisableSEVOnPend                          build/stm32f4xx_hal_pwr.o
HAL_PWR_DisableSleepOnExit                        build/stm32f4xx_hal_pwr.o
HAL_PWR_DisableWakeUpPin                          build/stm32f4xx_hal_pwr.o
HAL_PWR_EnableBkUpAccess                          build/stm32f4xx_hal_pwr.o
HAL_PWR_EnablePVD                                 build/stm32f4xx_hal_pwr.o
HAL_PWR_EnableSEVOnPend                           build/stm32f4xx_hal_pwr.o
HAL_PWR_EnableSleepOnExit                         build/stm32f4xx_hal_pwr.o
HAL_PWR_EnableWakeUpPin                           build/stm32f4xx_hal_pwr.o
HAL_PWR_EnterSLEEPMode                            build/stm32f4xx_hal_pwr.o
HAL_PWR_EnterSTANDBYMode                          build/stm32f4xx_hal_pwr.o
HAL_PWR_EnterSTOPMode                             build/stm32f4xx_hal_pwr.o
HAL_PWR_PVDCallback                               build/stm32f4xx_hal_pwr.o
HAL_PWR_PVD_IRQHandler                            build/stm32f4xx_hal_pwr.o
HAL_RCCEx_DisablePLLI2S                           build/stm32f4xx_hal_rcc_ex.o
HAL_RCCEx_EnablePLLI2S                            build/stm32f4xx_hal_rcc_ex.o
HAL_RCCEx_GetPeriphCLKConfig                      build/stm32f4xx_hal_rcc_ex.o
HAL_RCCEx_GetPeriphCLKFreq                        build/stm32f4xx_hal_rcc_ex.o
HAL_RCCEx_PeriphCLKConfig                         build/stm32f4xx_hal_rcc_ex.o
HAL_RCC_CSSCallback                               build/stm32f4xx_hal_rcc.o
HAL_RCC_ClockConfig                               build/stm32f4xx_hal_rcc.o
                                                  build/main.o
HAL_RCC_DeInit                                    build/stm32f4xx_hal_rcc_ex.o
                                                  build/stm32f4xx_hal_rcc.o
HAL_RCC_DisableCSS                                build/stm32f4xx_hal_rcc.o
HAL_RCC_EnableCSS                                 build/stm32f4xx_hal_rcc.o
HAL_RCC_GetClockConfig                            build/stm32f4xx_hal_rcc.o
                                                  build/stm32f4xx_hal_timebase_tim.o
HAL_RCC_GetHCLKFreq                               build/stm32f4xx_hal_rcc.o
HAL_RCC_GetOscConfig                              build/stm32f4xx_hal_rcc.o
HAL_RCC_GetPCLK1Freq                              build/stm32f4xx_hal_rcc.o
                                                  build/stm32f4xx_hal_timebase_tim.o
HAL_RCC_GetPCLK2Freq                              build/stm32f4xx_hal_rcc.o
HAL_RCC_GetSysClockFreq                           build/stm32f4xx_hal_rcc.o
HAL_RCC_MCOConfig                                 build/stm32f4xx_hal_rcc.o
HAL_RCC_NMI_IRQHandler                            build/stm32f4xx_hal_rcc.o
HAL_RCC_OscConfig                                 build/stm32f4xx_hal_rcc.o
                                                  build/main.o
HAL_ResumeTick                                    build/stm32f4xx_hal_timebase_tim.o
HAL_SPI_Abort                                     build/stm32f4xx_hal_spi.o
HAL_SPI_AbortCpltCallback                         build/stm32f4xx_hal_spi.o
HAL_SPI_Abort_IT                                  build/stm32f4xx_hal_spi.o
HAL_SPI_DMAPause                                  build/stm32f4xx_hal_spi.o
HAL_SPI_DMAResume                                 build/stm32f4xx_hal_spi.o
HAL_SPI_DMAStop                                   build/stm32f4xx_hal_spi.o
HAL_SPI_DeInit                                    build/stm32f4xx_hal_spi.o
HAL_SPI_ErrorCallback                             build/stm32f4xx_hal_spi.o
HAL_SPI_GetError                                  build/stm32f4xx_hal_spi.o
HAL_SPI_GetState                                  build/stm32f4xx_hal_spi.o
HAL_SPI_IRQHandler                                build/stm32f4xx_hal_spi.o
HAL_SPI_Init                                      build/stm32f4xx_hal_spi.o
                                                  build/spi.o
HAL_SPI_MspDeInit                                 build/spi.o
HAL_SPI_MspInit                                   build/spi.o
HAL_SPI_Receive                                   build/stm32f4xx_hal_spi.o
HAL_SPI_Receive_DMA                               build/stm32f4xx_hal_spi.o
HAL_SPI_Receive_IT                                build/stm32f4xx_hal_spi.o
HAL_SPI_RxCpltCallback                            build/stm32f4xx_hal_spi.o
HAL_SPI_RxHalfCpltCallback                        build/stm32f4xx_hal_spi.o
HAL_SPI_Transmit                                  build/stm32f4xx_hal_spi.o
HAL_SPI_TransmitReceive                           build/stm32f4xx_hal_spi.o
HAL_SPI_TransmitReceive_DMA                       build/stm32f4xx_hal_spi.o
HAL_SPI_TransmitReceive_IT                        build/stm32f4xx_hal_spi.o
HAL_SPI_Transmit_DMA                              build/stm32f4xx_hal_spi.o
HAL_SPI_Transmit_IT                               build/stm32f4xx_hal_spi.o
HAL_SPI_TxCpltCallback                            build/stm32f4xx_hal_spi.o
HAL_SPI_TxHalfCpltCallback                        build/stm32f4xx_hal_spi.o
HAL_SPI_TxRxCpltCallback                          build/stm32f4xx_hal_spi.o
HAL_SPI_TxRxHalfCpltCallback                      build/stm32f4xx_hal_spi.o
HAL_SYSTICK_CLKSourceConfig                       build/stm32f4xx_hal_cortex.o
HAL_SYSTICK_Callback                              build/stm32f4xx_hal_cortex.o
HAL_SYSTICK_Config                                build/stm32f4xx_hal_cortex.o
                                                  build/stm32f4xx_hal.o
HAL_SYSTICK_IRQHandler                            build/stm32f4xx_hal_cortex.o
HAL_SetTickFreq                                   build/stm32f4xx_hal.o
HAL_SuspendTick                                   build/stm32f4xx_hal_timebase_tim.o
HAL_TIMEx_BreakCallback                           build/stm32f4xx_hal_tim_ex.o
                                                  build/stm32f4xx_hal_tim.o
HAL_TIMEx_CommutCallback                          build/stm32f4xx_hal_tim_ex.o
                                                  build/stm32f4xx_hal_tim.o
HAL_TIMEx_CommutHalfCpltCallback                  build/stm32f4xx_hal_tim_ex.o
HAL_TIMEx_ConfigBreakDeadTime                     build/stm32f4xx_hal_tim_ex.o
HAL_TIMEx_ConfigCommutEvent                       build/stm32f4xx_hal_tim_ex.o
HAL_TIMEx_ConfigCommutEvent_DMA                   build/stm32f4xx_hal_tim_ex.o
HAL_TIMEx_ConfigCommutEvent_IT                    build/stm32f4xx_hal_tim_ex.o
HAL_TIMEx_GetChannelNState                        build/stm32f4xx_hal_tim_ex.o
HAL_TIMEx_HallSensor_DeInit                       build/stm32f4xx_hal_tim_ex.o
HAL_TIMEx_HallSensor_GetState                     build/stm32f4xx_hal_tim_ex.o
HAL_TIMEx_HallSensor_Init                         build/stm32f4xx_hal_tim_ex.o
HAL_TIMEx_HallSensor_MspDeInit                    build/stm32f4xx_hal_tim_ex.o
HAL_TIMEx_HallSensor_MspInit                      build/stm32f4xx_hal_tim_ex.o
HAL_TIMEx_HallSensor_Start                        build/stm32f4xx_hal_tim_ex.o
HAL_TIMEx_HallSensor_Start_DMA                    build/stm32f4xx_hal_tim_ex.o
HAL_TIMEx_HallSensor_Start_IT                     build/stm32f4xx_hal_tim_ex.o
HAL_TIMEx_HallSensor_Stop                         build/stm32f4xx_hal_tim_ex.o
HAL_TIMEx_HallSensor_Stop_DMA                     build/stm32f4xx_hal_tim_ex.o
HAL_TIMEx_HallSensor_Stop_IT                      build/stm32f4xx_hal_tim_ex.o
HAL_TIMEx_MasterConfigSynchronization             build/stm32f4xx_hal_tim_ex.o
                                                  build/tim.o
HAL_TIMEx_OCN_Start                               build/stm32f4xx_hal_tim_ex.o
HAL_TIMEx_OCN_Start_DMA                           build/stm32f4xx_hal_tim_ex.o
HAL_TIMEx_OCN_Start_IT                            build/stm32f4xx_hal_tim_ex.o
HAL_TIMEx_OCN_Stop                                build/stm32f4xx_hal_tim_ex.o
HAL_TIMEx_OCN_Stop_DMA                            build/stm32f4xx_hal_tim_ex.o
HAL_TIMEx_OCN_Stop_IT                             build/stm32f4xx_hal_tim_ex.o
HAL_TIMEx_OnePulseN_Start                         build/stm32f4xx_hal_tim_ex.o
HAL_TIMEx_OnePulseN_Start_IT                      build/stm32f4xx_hal_tim_ex.o
HAL_TIMEx_OnePulseN_Stop                          build/stm32f4xx_hal_tim_ex.o
HAL_TIMEx_OnePulseN_Stop_IT                       build/stm32f4xx_hal_tim_ex.o
HAL_TIMEx_PWMN_Start                              build/stm32f4xx_hal_tim_ex.o
HAL_TIMEx_PWMN_Start_DMA                          build/stm32f4xx_hal_tim_ex.o
HAL_TIMEx_PWMN_Start_IT                           build/stm32f4xx_hal_tim_ex.o
HAL_TIMEx_PWMN_Stop                               build/stm32f4xx_hal_tim_ex.o
HAL_TIMEx_PWMN_Stop_DMA                           build/stm32f4xx_hal_tim_ex.o
HAL_TIMEx_PWMN_Stop_IT                            build/stm32f4xx_hal_tim_ex.o
HAL_TIMEx_RemapConfig                             build/stm32f4xx_hal_tim_ex.o
HAL_TIM_Base_DeInit                               build/stm32f4xx_hal_tim.o
HAL_TIM_Base_GetState                             build/stm32f4xx_hal_tim.o
HAL_TIM_Base_Init                                 build/stm32f4xx_hal_tim.o
                                                  build/stm32f4xx_hal_timebase_tim.o
                                                  build/tim.o
HAL_TIM_Base_MspDeInit                            build/tim.o
HAL_TIM_Base_MspInit                              build/tim.o
HAL_TIM_Base_Start                                build/stm32f4xx_hal_tim.o
HAL_TIM_Base_Start_DMA                            build/stm32f4xx_hal_tim.o
HAL_TIM_Base_Start_IT                             build/stm32f4xx_hal_tim.o
                                                  build/stm32f4xx_hal_timebase_tim.o
HAL_TIM_Base_Stop                                 build/stm32f4xx_hal_tim.o
HAL_TIM_Base_Stop_DMA                             build/stm32f4xx_hal_tim.o
HAL_TIM_Base_Stop_IT                              build/stm32f4xx_hal_tim.o
HAL_TIM_ConfigClockSource                         build/stm32f4xx_hal_tim.o
                                                  build/tim.o
HAL_TIM_ConfigOCrefClear                          build/stm32f4xx_hal_tim.o
HAL_TIM_ConfigTI1Input                            build/stm32f4xx_hal_tim.o
HAL_TIM_DMABurstState                             build/stm32f4xx_hal_tim.o
HAL_TIM_DMABurst_MultiReadStart                   build/stm32f4xx_hal_tim.o
HAL_TIM_DMABurst_MultiWriteStart                  build/stm32f4xx_hal_tim.o
HAL_TIM_DMABurst_ReadStart                        build/stm32f4xx_hal_tim.o
HAL_TIM_DMABurst_ReadStop                         build/stm32f4xx_hal_tim.o
HAL_TIM_DMABurst_WriteStart                       build/stm32f4xx_hal_tim.o
HAL_TIM_DMABurst_WriteStop                        build/stm32f4xx_hal_tim.o
HAL_TIM_Encoder_DeInit                            build/stm32f4xx_hal_tim.o
HAL_TIM_Encoder_GetState                          build/stm32f4xx_hal_tim.o
HAL_TIM_Encoder_Init                              build/stm32f4xx_hal_tim.o
HAL_TIM_Encoder_MspDeInit                         build/stm32f4xx_hal_tim.o
HAL_TIM_Encoder_MspInit                           build/stm32f4xx_hal_tim.o
HAL_TIM_Encoder_Start                             build/stm32f4xx_hal_tim.o
HAL_TIM_Encoder_Start_DMA                         build/stm32f4xx_hal_tim.o
HAL_TIM_Encoder_Start_IT                          build/stm32f4xx_hal_tim.o
HAL_TIM_Encoder_Stop                              build/stm32f4xx_hal_tim.o
HAL_TIM_Encoder_Stop_DMA                          build/stm32f4xx_hal_tim.o
HAL_TIM_Encoder_Stop_IT                           build/stm32f4xx_hal_tim.o
HAL_TIM_ErrorCallback                             build/stm32f4xx_hal_tim.o
                                                  build/stm32f4xx_hal_tim_ex.o
HAL_TIM_GenerateEvent                             build/stm32f4xx_hal_tim.o
HAL_TIM_GetActiveChannel                          build/stm32f4xx_hal_tim.o
HAL_TIM_GetChannelState                           build/stm32f4xx_hal_tim.o
HAL_TIM_IC_CaptureCallback                        build/stm32f4xx_hal_tim.o
HAL_TIM_IC_CaptureHalfCpltCallback                build/stm32f4xx_hal_tim.o
HAL_TIM_IC_ConfigChannel                          build/stm32f4xx_hal_tim.o
HAL_TIM_IC_DeInit                                 build/stm32f4xx_hal_tim.o
HAL_TIM_IC_GetState                               build/stm32f4xx_hal_tim.o
HAL_TIM_IC_Init                                   build/stm32f4xx_hal_tim.o
HAL_TIM_IC_MspDeInit                              build/stm32f4xx_hal_tim.o
HAL_TIM_IC_MspInit                                build/stm32f4xx_hal_tim.o